Component: ARM Compiler 5.06 update 7 (build 960) Tool: armlink [4d3601]

==============================================================================

Section Cross References

    startup_stm32f103xe.o(STACK) refers (Special) to heapauxi.o(.text) for __use_two_region_memory
    startup_stm32f103xe.o(HEAP) refers (Special) to heapauxi.o(.text) for __use_two_region_memory
    startup_stm32f103xe.o(RESET) refers (Special) to heapauxi.o(.text) for __use_two_region_memory
    startup_stm32f103xe.o(RESET) refers to startup_stm32f103xe.o(STACK) for __initial_sp
    startup_stm32f103xe.o(RESET) refers to startup_stm32f103xe.o(.text) for Reset_Handler
    startup_stm32f103xe.o(RESET) refers to stm32f1xx_it.o(i.NMI_Handler) for NMI_Handler
    startup_stm32f103xe.o(RESET) refers to stm32f1xx_it.o(i.HardFault_Handler) for HardFault_Handler
    startup_stm32f103xe.o(RESET) refers to stm32f1xx_it.o(i.MemManage_Handler) for MemManage_Handler
    startup_stm32f103xe.o(RESET) refers to stm32f1xx_it.o(i.BusFault_Handler) for BusFault_Handler
    startup_stm32f103xe.o(RESET) refers to stm32f1xx_it.o(i.UsageFault_Handler) for UsageFault_Handler
    startup_stm32f103xe.o(RESET) refers to port.o(.emb_text) for SVC_Handler
    startup_stm32f103xe.o(RESET) refers to stm32f1xx_it.o(i.DebugMon_Handler) for DebugMon_Handler
    startup_stm32f103xe.o(RESET) refers to port.o(i.SysTick_Handler) for SysTick_Handler
    startup_stm32f103xe.o(RESET) refers to stm32f1xx_it.o(i.DMA1_Channel2_IRQHandler) for DMA1_Channel2_IRQHandler
    startup_stm32f103xe.o(RESET) refers to stm32f1xx_it.o(i.DMA1_Channel3_IRQHandler) for DMA1_Channel3_IRQHandler
    startup_stm32f103xe.o(RESET) refers to stm32f1xx_it.o(i.DMA1_Channel4_IRQHandler) for DMA1_Channel4_IRQHandler
    startup_stm32f103xe.o(RESET) refers to stm32f1xx_it.o(i.DMA1_Channel5_IRQHandler) for DMA1_Channel5_IRQHandler
    startup_stm32f103xe.o(RESET) refers to stm32f1xx_it.o(i.TIM2_IRQHandler) for TIM2_IRQHandler
    startup_stm32f103xe.o(RESET) refers to stm32f1xx_it.o(i.TIM4_IRQHandler) for TIM4_IRQHandler
    startup_stm32f103xe.o(RESET) refers to stm32f1xx_it.o(i.USART1_IRQHandler) for USART1_IRQHandler
    startup_stm32f103xe.o(.text) refers (Special) to heapauxi.o(.text) for __use_two_region_memory
    startup_stm32f103xe.o(.text) refers to system_stm32f1xx.o(i.SystemInit) for SystemInit
    startup_stm32f103xe.o(.text) refers to __main.o(!!!main) for __main
    startup_stm32f103xe.o(.text) refers to startup_stm32f103xe.o(HEAP) for Heap_Mem
    startup_stm32f103xe.o(.text) refers to startup_stm32f103xe.o(STACK) for Stack_Mem
    main.o(i.HAL_TIM_PeriodElapsedCallback) refers to stm32f1xx_hal.o(i.HAL_IncTick) for HAL_IncTick
    main.o(i.SystemClock_Config) refers to rt_memclr_w.o(.text) for __aeabi_memclr4
    main.o(i.SystemClock_Config) refers to stm32f1xx_hal_rcc.o(i.HAL_RCC_OscConfig) for HAL_RCC_OscConfig
    main.o(i.SystemClock_Config) refers to stm32f1xx_hal_rcc.o(i.HAL_RCC_ClockConfig) for HAL_RCC_ClockConfig
    main.o(i.main) refers to stm32f1xx_hal.o(i.HAL_Init) for HAL_Init
    main.o(i.main) refers to main.o(i.SystemClock_Config) for SystemClock_Config
    main.o(i.main) refers to gpio.o(i.MX_GPIO_Init) for MX_GPIO_Init
    main.o(i.main) refers to dma.o(i.MX_DMA_Init) for MX_DMA_Init
    main.o(i.main) refers to usart.o(i.MX_USART1_UART_Init) for MX_USART1_UART_Init
    main.o(i.main) refers to tim.o(i.MX_TIM3_Init) for MX_TIM3_Init
    main.o(i.main) refers to usart.o(i.MX_USART3_UART_Init) for MX_USART3_UART_Init
    main.o(i.main) refers to tim.o(i.MX_TIM2_Init) for MX_TIM2_Init
    main.o(i.main) refers to cmsis_os2.o(i.osKernelInitialize) for osKernelInitialize
    main.o(i.main) refers to freertos.o(i.MX_FREERTOS_Init) for MX_FREERTOS_Init
    main.o(i.main) refers to cmsis_os2.o(i.osKernelStart) for osKernelStart
    gpio.o(i.MX_GPIO_Init) refers to stm32f1xx_hal_gpio.o(i.HAL_GPIO_WritePin) for HAL_GPIO_WritePin
    gpio.o(i.MX_GPIO_Init) refers to stm32f1xx_hal_gpio.o(i.HAL_GPIO_Init) for HAL_GPIO_Init
    freertos.o(i.MX_FREERTOS_Init) refers to app.o(i.app_init) for app_init
    freertos.o(i.MX_FREERTOS_Init) refers to cmsis_os2.o(i.osThreadNew) for osThreadNew
    freertos.o(i.MX_FREERTOS_Init) refers to freertos.o(.constdata) for .constdata
    freertos.o(i.MX_FREERTOS_Init) refers to freertos.o(i.StartDefaultTask) for StartDefaultTask
    freertos.o(i.MX_FREERTOS_Init) refers to freertos.o(.data) for .data
    freertos.o(i.StartDefaultTask) refers to cmsis_os2.o(i.osDelay) for osDelay
    freertos.o(.constdata) refers to freertos.o(.conststring) for .conststring
    dma.o(i.MX_DMA_Init) refers to stm32f1xx_hal_cortex.o(i.HAL_NVIC_SetPriority) for HAL_NVIC_SetPriority
    dma.o(i.MX_DMA_Init) refers to stm32f1xx_hal_cortex.o(i.HAL_NVIC_EnableIRQ) for HAL_NVIC_EnableIRQ
    tim.o(i.HAL_TIM_Base_MspDeInit) refers to stm32f1xx_hal_gpio.o(i.HAL_GPIO_DeInit) for HAL_GPIO_DeInit
[...]
    DMA2_Channel3_IRQHandler                 0x0800032b   Thumb Code     0  startup_stm32f103xe.o(.text)
    DMA2_Channel4_5_IRQHandler               0x0800032b   Thumb Code     0  startup_stm32f103xe.o(.text)
    EXTI0_IRQHandler                         0x0800032b   Thumb Code     0  startup_stm32f103xe.o(.text)
    EXTI15_10_IRQHandler                     0x0800032b   Thumb Code     0  startup_stm32f103xe.o(.text)
    EXTI1_IRQHandler                         0x0800032b   Thumb Code     0  startup_stm32f103xe.o(.text)
    EXTI2_IRQHandler                         0x0800032b   Thumb Code     0  startup_stm32f103xe.o(.text)
    EXTI3_IRQHandler                         0x0800032b   Thumb Code     0  startup_stm32f103xe.o(.text)
    EXTI4_IRQHandler                         0x0800032b   Thumb Code     0  startup_stm32f103xe.o(.text)
    EXTI9_5_IRQHandler                       0x0800032b   Thumb Code     0  startup_stm32f103xe.o(.text)
    FLASH_IRQHandler                         0x0800032b   Thumb Code     0  startup_stm32f103xe.o(.text)
    FSMC_IRQHandler                          0x0800032b   Thumb Code     0  startup_stm32f103xe.o(.text)
    I2C1_ER_IRQHandler                       0x0800032b   Thumb Code     0  startup_stm32f103xe.o(.text)
    I2C1_EV_IRQHandler                       0x0800032b   Thumb Code     0  startup_stm32f103xe.o(.text)
    I2C2_ER_IRQHandler                       0x0800032b   Thumb Code     0  startup_stm32f103xe.o(.text)
    I2C2_EV_IRQHandler                       0x0800032b   Thumb Code     0  startup_stm32f103xe.o(.text)
    PVD_IRQHandler                           0x0800032b   Thumb Code     0  startup_stm32f103xe.o(.text)
    RCC_IRQHandler                           0x0800032b   Thumb Code     0  startup_stm32f103xe.o(.text)
    RTC_Alarm_IRQHandler                     0x0800032b   Thumb Code     0  startup_stm32f103xe.o(.text)
    RTC_IRQHandler                           0x0800032b   Thumb Code     0  startup_stm32f103xe.o(.text)
    SDIO_IRQHandler                          0x0800032b   Thumb Code     0  startup_stm32f103xe.o(.text)
    SPI1_IRQHandler                          0x0800032b   Thumb Code     0  startup_stm32f103xe.o(.text)
    SPI2_IRQHandler                          0x0800032b   Thumb Code     0  startup_stm32f103xe.o(.text)
    SPI3_IRQHandler                          0x0800032b   Thumb Code     0  startup_stm32f103xe.o(.text)
    TAMPER_IRQHandler                        0x0800032b   Thumb Code     0  startup_stm32f103xe.o(.text)
    TIM1_BRK_IRQHandler                      0x0800032b   Thumb Code     0  startup_stm32f103xe.o(.text)
    TIM1_CC_IRQHandler                       0x0800032b   Thumb Code     0  startup_stm32f103xe.o(.text)
    TIM1_TRG_COM_IRQHandler                  0x0800032b   Thumb Code     0  startup_stm32f103xe.o(.text)
    TIM1_UP_IRQHandler                       0x0800032b   Thumb Code     0  startup_stm32f103xe.o(.text)
    TIM3_IRQHandler                          0x0800032b   Thumb Code     0  startup_stm32f103xe.o(.text)
    TIM5_IRQHandler                          0x0800032b   Thumb Code     0  startup_stm32f103xe.o(.text)
    TIM6_IRQHandler                          0x0800032b   Thumb Code     0  startup_stm32f103xe.o(.text)
    TIM7_IRQHandler                          0x0800032b   Thumb Code     0  startup_stm32f103xe.o(.text)
    TIM8_BRK_IRQHandler                      0x0800032b   Thumb Code     0  startup_stm32f103xe.o(.text)
    TIM8_CC_IRQHandler                       0x0800032b   Thumb Code     0  startup_stm32f103xe.o(.text)
    TIM8_TRG_COM_IRQHandler                  0x0800032b   Thumb Code     0  startup_stm32f103xe.o(.text)
    TIM8_UP_IRQHandler                       0x0800032b   Thumb Code     0  startup_stm32f103xe.o(.text)
    UART4_IRQHandler                         0x0800032b   Thumb Code     0  startup_stm32f103xe.o(.text)
    UART5_IRQHandler                         0x0800032b   Thumb Code     0  startup_stm32f103xe.o(.text)
    USART2_IRQHandler                        0x0800032b   Thumb Code     0  startup_stm32f103xe.o(.text)
    USART3_IRQHandler                        0x0800032b   Thumb Code     0  startup_stm32f103xe.o(.text)
    USBWakeUp_IRQHandler                     0x0800032b   Thumb Code     0  startup_stm32f103xe.o(.text)
    USB_HP_CAN1_TX_IRQHandler                0x0800032b   Thumb Code     0  startup_stm32f103xe.o(.text)
    USB_LP_CAN1_RX0_IRQHandler               0x0800032b   Thumb Code     0  startup_stm32f103xe.o(.text)
    WWDG_IRQHandler                          0x0800032b   Thumb Code     0  startup_stm32f103xe.o(.text)
    __user_initial_stackheap                 0x0800032d   Thumb Code     0  startup_stm32f103xe.o(.text)
    vsprintf                                 0x08000351   Thumb Code    32  vsprintf.o(.text)
    atoi                                     0x08000375   Thumb Code    26  atoi.o(.text)
    strtok                                   0x08000391   Thumb Code     6  strtok.o(.text)
    strcpy                                   0x0800039d   Thumb Code    72  strcpy.o(.text)
    strlen                                   0x080003e5   Thumb Code    62  strlen.o(.text)
    strncmp                                  0x08000423   Thumb Code   150  strncmp.o(.text)
    __aeabi_memcpy                           0x080004b9   Thumb Code     0  rt_memcpy_v6.o(.text)
    __rt_memcpy                              0x080004b9   Thumb Code   138  rt_memcpy_v6.o(.text)
    _memcpy_lastbytes                        0x0800051f   Thumb Code     0  rt_memcpy_v6.o(.text)
    __aeabi_memmove                          0x08000543   Thumb Code     0  rt_memmove_v6.o(.text)
    __rt_memmove                             0x08000543   Thumb Code   132  rt_memmove_v6.o(.text)
    __memmove_lastfew                        0x080005a3   Thumb Code     0  rt_memmove_v6.o(.text)
    __aeabi_memcpy4                          0x080005c7   Thumb Code     0  rt_memcpy_w.o(.text)
    __aeabi_memcpy8                          0x080005c7   Thumb Code     0  rt_memcpy_w.o(.text)
    __rt_memcpy_w                            0x080005c7   Thumb Code   100  rt_memcpy_w.o(.text)
    _memcpy_lastbytes_aligned                0x0800060f   Thumb Code     0  rt_memcpy_w.o(.text)
    __aeabi_memset                           0x0800062b   Thumb Code    16  aeabi_memset.o(.text)
    __aeabi_memclr4                          0x0800063b   Thumb Code     0  rt_memclr_w.o(.text)
    __aeabi_memclr8                          0x0800063b   Thumb Code     0  rt_memclr_w.o(.text)
    __rt_memclr_w                            0x0800063b   Thumb Code    78  rt_memclr_w.o(.text)
    _memset_w                                0x0800063f   Thumb Code     0  rt_memclr_w.o(.text)
    strncpy                                  0x08000689   Thumb Code    86  strncpy.o(.text)
    strcmp                                   0x080006e1   Thumb Code   128  strcmpv7m.o(.text)
    __use_two_region_memory                  0x08000761   Thumb Code     2  heapauxi.o(.text)
    __rt_heap_escrow                         0x08000763   Thumb Code     2  heapauxi.o(.text)
    __rt_heap_expand                         0x08000765   Thumb Code     2  heapauxi.o(.text)
    __aeabi_errno_addr                       0x08000769   Thumb Code     8  rt_errno_addr_intlibspace.o(.text)
    __errno$intlibspace                      0x08000769   Thumb Code     0  rt_errno_addr_intlibspace.o(.text)
    __rt_errno_addr$intlibspace              0x08000769   Thumb Code     0  rt_errno_addr_intlibspace.o(.text)
    _printf_pre_padding                      0x08000771   Thumb Code    44  _printf_pad.o(.text)
    _printf_post_padding                     0x0800079d   Thumb Code    34  _printf_pad.o(.text)
    _printf_truncate_signed                  0x080007bf   Thumb Code    18  _printf_truncate.o(.text)
    _printf_truncate_unsigned                0x080007d1   Thumb Code    18  _printf_truncate.o(.text)
    _printf_str                              0x080007e3   Thumb Code    82  _printf_str.o(.text)
    _printf_int_dec                          0x08000835   Thumb Code   104  _printf_dec.o(.text)
    _printf_charcount                        0x080008ad   Thumb Code    40  _printf_charcount.o(.text)
    _printf_char_common                      0x080008df   Thumb Code    32  _printf_char_common.o(.text)
    _sputc                                   0x08000905   Thumb Code    10  _sputc.o(.text)
    _printf_wctomb                           0x08000911   Thumb Code   182  _printf_wctomb.o(.text)
    _printf_longlong_dec                     0x080009cd   Thumb Code   108  _printf_longlong_dec.o(.text)
    _printf_longlong_oct                     0x08000a49   Thumb Code    66  _printf_oct_int_ll.o(.text)
    _printf_int_oct                          0x08000a8b   Thumb Code    24  _printf_oct_int_ll.o(.text)
    _printf_ll_oct                           0x08000aa3   Thumb Code    12  _printf_oct_int_ll.o(.text)
    _printf_longlong_hex                     0x08000ab9   Thumb Code    86  _printf_hex_int_ll_ptr.o(.text)
    _printf_int_hex                          0x08000b0f   Thumb Code    28  _printf_hex_int_ll_ptr.o(.text)
    _printf_ll_hex                           0x08000b2b   Thumb Code    12  _printf_hex_int_ll_ptr.o(.text)
    _printf_hex_ptr                          0x08000b37   Thumb Code    18  _printf_hex_int_ll_ptr.o(.text)
    __printf                                 0x08000b4d   Thumb Code   388  __printf_flags_ss_wp.o(.text)
    strtol                                   0x08000cd5   Thumb Code   112  strtol.o(.text)
    __strtok_internal                        0x08000d45   Thumb Code    64  strtok_int.o(.text)
    __aeabi_memmove4                         0x08000d89   Thumb Code     0  rt_memmove_w.o(.text)
    __aeabi_memmove8                         0x08000d89   Thumb Code     0  rt_memmove_w.o(.text)
    __rt_memmove_w                           0x08000d89   Thumb Code   122  rt_memmove_w.o(.text)
    __memmove_aligned                        0x08000daf   Thumb Code     0  rt_memmove_w.o(.text)
    __memmove_lastfew_aligned                0x08000de7   Thumb Code     0  rt_memmove_w.o(.text)
    __aeabi_memclr                           0x08000e03   Thumb Code     0  rt_memclr.o(.text)
    __rt_memclr                              0x08000e03   Thumb Code    68  rt_memclr.o(.text)
    _memset                                  0x08000e07   Thumb Code     0  rt_memclr.o(.text)
    __user_libspace                          0x08000e49   Thumb Code     8  libspace.o(.text)
    __user_perproc_libspace                  0x08000e49   Thumb Code     0  libspace.o(.text)
    __user_perthread_libspace                0x08000e49   Thumb Code     0  libspace.o(.text)
    __rt_ctype_table                         0x08000e51   Thumb Code    16  rt_ctype_table.o(.text)
    _ll_udiv10                               0x08000e61   Thumb Code   138  lludiv10.o(.text)
    _printf_int_common                       0x08000eeb   Thumb Code   178  _printf_intcommon.o(.text)
    __lib_sel_fp_printf                      0x08000f9d   Thumb Code     2  _printf_fp_dec.o(.text)
    _printf_fp_dec_real                      0x0800114f   Thumb Code   620  _printf_fp_dec.o(.text)
    _printf_fp_hex_real                      0x080013bd   Thumb Code   756  _printf_fp_hex.o(.text)
    _printf_cs_common                        0x080016b9   Thumb Code    20  _printf_char.o(.text)
    _printf_char                             0x080016cd   Thumb Code    16  _printf_char.o(.text)
    _printf_string                           0x080016dd   Thumb Code     8  _printf_char.o(.text)
    _printf_lcs_common                       0x080016e5   Thumb Code    20  _printf_wchar.o(.text)
    _printf_wchar                            0x080016f9   Thumb Code    16  _printf_wchar.o(.text)
    _printf_wstring                          0x08001709   Thumb Code     8  _printf_wchar.o(.text)
    _strtoul                                 0x08001711   Thumb Code   158  _strtoul.o(.text)
    _wcrtomb                                 0x080017af   Thumb Code    64  _wcrtomb.o(.text)
    strcspn                                  0x080017ef   Thumb Code    32  strcspn.o(.text)
    strspn                                   0x0800180f   Thumb Code    28  strspn.o(.text)
    __I$use$semihosting                      0x0800182b   Thumb Code     0  use_no_semi.o(.text)
    __use_no_semihosting_swi                 0x0800182b   Thumb Code     2  use_no_semi.o(.text)
    __semihosting_library_function           0x0800182d   Thumb Code     0  indicate_semi.o(.text)
    __user_setup_stackheap                   0x0800182d   Thumb Code    74  sys_stackheap_outer.o(.text)
    __rt_locale                              0x08001879   Thumb Code     8  rt_locale_intlibspace.o(.text)
    _printf_fp_infnan                        0x08001881   Thumb Code   112  _printf_fp_infnan.o(.text)
    _chval                                   0x08001901   Thumb Code    28  _chval.o(.text)
    _btod_etento                             0x0800191d   Thumb Code   224  bigflt0.o(.text)
    exit                                     0x08001a01   Thumb Code    18  exit.o(.text)
    _sys_exit                                0x08001a15   Thumb Code     8  sys_exit.o(.text)
    _btod_d2e                                0x08001a21   Thumb Code    62  btod.o(CL$$btod_d2e)
    _d2e_denorm_low                          0x08001a5f   Thumb Code    70  btod.o(CL$$btod_d2e_denorm_low)
    _d2e_norm_op1                            0x08001aa5   Thumb Code    96  btod.o(CL$$btod_d2e_norm_op1)
    __btod_div_common                        0x08001b05   Thumb Code   696  btod.o(CL$$btod_div_common)
    _e2e                                     0x08001e3d   Thumb Code   220  btod.o(CL$$btod_e2e)
    _btod_ediv                               0x08001f19   Thumb Code    42  btod.o(CL$$btod_ediv)
    _btod_emul                               0x08001f43   Thumb Code    42  btod.o(CL$$btod_emul)
    __btod_mult_common                       0x08001f6d   Thumb Code   580  btod.o(CL$$btod_mult_common)
    BusFault_Handler                         0x080021b1   Thumb Code     2  stm32f1xx_it.o(i.BusFault_Handler)
    DMA1_Channel2_IRQHandler                 0x080021b5   Thumb Code     6  stm32f1xx_it.o(i.DMA1_Channel2_IRQHandler)
    DMA1_Channel3_IRQHandler                 0x080021c1   Thumb Code     6  stm32f1xx_it.o(i.DMA1_Channel3_IRQHandler)
    DMA1_Channel4_IRQHandler                 0x080021cd   Thumb Code    18  stm32f1xx_it.o(i.DMA1_Channel4_IRQHandler)
    DMA1_Channel5_IRQHandler                 0x080021e9   Thumb Code    18  stm32f1xx_it.o(i.DMA1_Channel5_IRQHandler)
    DebugMon_Handler                         0x0800222f   Thumb Code     2  stm32f1xx_it.o(i.DebugMon_Handler)
    Error_Handler                            0x08002231   Thumb Code     4  main.o(i.Error_Handler)
    HAL_DMA_Abort                            0x08002235   Thumb Code    70  stm32f1xx_hal_dma.o(i.HAL_DMA_Abort)
    HAL_DMA_Abort_IT                         0x0800227d   Thumb Code   296  stm32f1xx_hal_dma.o(i.HAL_DMA_Abort_IT)
    HAL_DMA_IRQHandler                       0x080023ad   Thumb Code   552  stm32f1xx_hal_dma.o(i.HAL_DMA_IRQHandler)
    HAL_DMA_Init                             0x080025f5   Thumb Code   112  stm32f1xx_hal_dma.o(i.HAL_DMA_Init)
    HAL_DMA_Start_IT                         0x08002671   Thumb Code   112  stm32f1xx_hal_dma.o(i.HAL_DMA_Start_IT)
    HAL_GPIO_Init                            0x080026e1   Thumb Code   462  stm32f1xx_hal_gpio.o(i.HAL_GPIO_Init)
    HAL_GPIO_WritePin                        0x080028d9   Thumb Code    10  stm32f1xx_hal_gpio.o(i.HAL_GPIO_WritePin)
    HAL_GetTick                              0x080028e5   Thumb Code     6  stm32f1xx_hal.o(i.HAL_GetTick)
    HAL_IncTick                              0x080028f1   Thumb Code    12  stm32f1xx_hal.o(i.HAL_IncTick)
    HAL_Init                                 0x08002901   Thumb Code    32  stm32f1xx_hal.o(i.HAL_Init)
    HAL_InitTick                             0x08002925   Thumb Code   132  stm32f1xx_hal_timebase_tim.o(i.HAL_InitTick)
    HAL_MspInit                              0x080029bd   Thumb Code    62  stm32f1xx_hal_msp.o(i.HAL_MspInit)
    HAL_NVIC_EnableIRQ                       0x08002a05   Thumb Code    26  stm32f1xx_hal_cortex.o(i.HAL_NVIC_EnableIRQ)
    HAL_NVIC_SetPriority                     0x08002a21   Thumb Code    60  stm32f1xx_hal_cortex.o(i.HAL_NVIC_SetPriority)
    HAL_NVIC_SetPriorityGrouping             0x08002a61   Thumb Code    26  stm32f1xx_hal_cortex.o(i.HAL_NVIC_SetPriorityGrouping)
    HAL_RCC_ClockConfig                      0x08002a85   Thumb Code   280  stm32f1xx_hal_rcc.o(i.HAL_RCC_ClockConfig)
    HAL_RCC_GetClockConfig                   0x08002bb1   Thumb Code    54  stm32f1xx_hal_rcc.o(i.HAL_RCC_GetClockConfig)
    HAL_RCC_GetPCLK1Freq                     0x08002bf1   Thumb Code    20  stm32f1xx_hal_rcc.o(i.HAL_RCC_GetPCLK1Freq)
    HAL_RCC_GetPCLK2Freq                     0x08002c11   Thumb Code    20  stm32f1xx_hal_rcc.o(i.HAL_RCC_GetPCLK2Freq)
    HAL_RCC_GetSysClockFreq                  0x08002c31   Thumb Code    58  stm32f1xx_hal_rcc.o(i.HAL_RCC_GetSysClockFreq)
    HAL_RCC_OscConfig                        0x08002c7d   Thumb Code   778  stm32f1xx_hal_rcc.o(i.HAL_RCC_OscConfig)
    HAL_TIMEx_BreakCallback                  0x08002f9d   Thumb Code     2  stm32f1xx_hal_tim_ex.o(i.HAL_TIMEx_BreakCallback)
    HAL_TIMEx_CommutCallback                 0x08002f9f   Thumb Code     2  stm32f1xx_hal_tim_ex.o(i.HAL_TIMEx_CommutCallback)
    HAL_TIMEx_MasterConfigSynchronization    0x08002fa1   Thumb Code   104  stm32f1xx_hal_tim_ex.o(i.HAL_TIMEx_MasterConfigSynchronization)
    HAL_TIM_Base_Init                        0x0800301d   Thumb Code    90  stm32f1xx_hal_tim.o(i.HAL_TIM_Base_Init)
    HAL_TIM_Base_MspInit                     0x08003079   Thumb Code    98  tim.o(i.HAL_TIM_Base_MspInit)
    HAL_TIM_Base_Start_IT                    0x080030ed   Thumb Code    88  stm32f1xx_hal_tim.o(i.HAL_TIM_Base_Start_IT)
    HAL_TIM_ConfigClockSource                0x08003159   Thumb Code   220  stm32f1xx_hal_tim.o(i.HAL_TIM_ConfigClockSource)
    HAL_TIM_IC_CaptureCallback               0x08003235   Thumb Code     2  stm32f1xx_hal_tim.o(i.HAL_TIM_IC_CaptureCallback)
    HAL_TIM_IC_ConfigChannel                 0x08003237   Thumb Code   292  stm32f1xx_hal_tim.o(i.HAL_TIM_IC_ConfigChannel)
    HAL_TIM_IC_Init                          0x0800335b   Thumb Code    90  stm32f1xx_hal_tim.o(i.HAL_TIM_IC_Init)
    HAL_TIM_IC_MspInit                       0x080033b5   Thumb Code    88  tim.o(i.HAL_TIM_IC_MspInit)
    HAL_TIM_IRQHandler                       0x08003415   Thumb Code   358  stm32f1xx_hal_tim.o(i.HAL_TIM_IRQHandler)
    HAL_TIM_MspPostInit                      0x0800357d   Thumb Code    80  tim.o(i.HAL_TIM_MspPostInit)
    HAL_TIM_OC_DelayElapsedCallback          0x080035dd   Thumb Code     2  stm32f1xx_hal_tim.o(i.HAL_TIM_OC_DelayElapsedCallback)
    HAL_TIM_PWM_ConfigChannel                0x080035df   Thumb Code   204  stm32f1xx_hal_tim.o(i.HAL_TIM_PWM_ConfigChannel)
    HAL_TIM_PWM_Init                         0x080036ab   Thumb Code    90  stm32f1xx_hal_tim.o(i.HAL_TIM_PWM_Init)
    HAL_TIM_PWM_MspInit                      0x08003705   Thumb Code     2  stm32f1xx_hal_tim.o(i.HAL_TIM_PWM_MspInit)
    HAL_TIM_PWM_PulseFinishedCallback        0x08003707   Thumb Code     2  stm32f1xx_hal_tim.o(i.HAL_TIM_PWM_PulseFinishedCallback)
    HAL_TIM_PeriodElapsedCallback            0x08003709   Thumb Code    14  main.o(i.HAL_TIM_PeriodElapsedCallback)
    HAL_TIM_TriggerCallback                  0x0800371d   Thumb Code     2  stm32f1xx_hal_tim.o(i.HAL_TIM_TriggerCallback)
    HAL_UARTEx_RxEventCallback               0x0800371f   Thumb Code     2  stm32f1xx_hal_uart.o(i.HAL_UARTEx_RxEventCallback)
    HAL_UART_DMAStop                         0x08003721   Thumb Code   112  stm32f1xx_hal_uart.o(i.HAL_UART_DMAStop)
    HAL_UART_ErrorCallback                   0x08003791   Thumb Code     2  stm32f1xx_hal_uart.o(i.HAL_UART_ErrorCallback)
    HAL_UART_GetState                        0x08003793   Thumb Code    10  stm32f1xx_hal_uart.o(i.HAL_UART_GetState)
    HAL_UART_IRQHandler                      0x0800379d   Thumb Code   616  stm32f1xx_hal_uart.o(i.HAL_UART_IRQHandler)
    HAL_UART_Init                            0x08003a09   Thumb Code   100  stm32f1xx_hal_uart.o(i.HAL_UART_Init)
    HAL_UART_MspInit                         0x08003a6d   Thumb Code   360  usart.o(i.HAL_UART_MspInit)
    HAL_UART_Receive_DMA                     0x08003bf1   Thumb Code    28  stm32f1xx_hal_uart.o(i.HAL_UART_Receive_DMA)
    HAL_UART_RxCpltCallback                  0x08003c0d   Thumb Code     2  stm32f1xx_hal_uart.o(i.HAL_UART_RxCpltCallback)
    HAL_UART_RxHalfCpltCallback              0x08003c0f   Thumb Code     2  stm32f1xx_hal_uart.o(i.HAL_UART_RxHalfCpltCallback)
    HAL_UART_Transmit                        0x08003c11   Thumb Code   154  stm32f1xx_hal_uart.o(i.HAL_UART_Transmit)
    HAL_UART_TxCpltCallback                  0x08003cab   Thumb Code     2  stm32f1xx_hal_uart.o(i.HAL_UART_TxCpltCallback)
    HardFault_Handler                        0x08003cad   Thumb Code     2  stm32f1xx_it.o(i.HardFault_Handler)
    MX_DMA_Init                              0x08003cb1   Thumb Code    88  dma.o(i.MX_DMA_Init)
    MX_FREERTOS_Init                         0x08003d0d   Thumb Code    22  freertos.o(i.MX_FREERTOS_Init)
    MX_GPIO_Init                             0x08003d31   Thumb Code    88  gpio.o(i.MX_GPIO_Init)
    MX_TIM2_Init                             0x08003d91   Thumb Code   102  tim.o(i.MX_TIM2_Init)
    MX_TIM3_Init                             0x08003dfd   Thumb Code   164  tim.o(i.MX_TIM3_Init)
    MX_USART1_UART_Init                      0x08003ea9   Thumb Code    48  usart.o(i.MX_USART1_UART_Init)
    MX_USART3_UART_Init                      0x08003ee1   Thumb Code    48  usart.o(i.MX_USART3_UART_Init)
    MemManage_Handler                        0x08003f19   Thumb Code     2  stm32f1xx_it.o(i.MemManage_Handler)
    NMI_Handler                              0x08003f1b   Thumb Code     2  stm32f1xx_it.o(i.NMI_Handler)
    StartDefaultTask                         0x08003f1d   Thumb Code     8  freertos.o(i.StartDefaultTask)
    SysTick_Handler                          0x08003f25   Thumb Code    38  port.o(i.SysTick_Handler)
    SystemClock_Config                       0x08003f51   Thumb Code    94  main.o(i.SystemClock_Config)
    SystemInit                               0x08003faf   Thumb Code     2  system_stm32f1xx.o(i.SystemInit)
    TIM2_IRQHandler                          0x08003fb1   Thumb Code     6  stm32f1xx_it.o(i.TIM2_IRQHandler)
    TIM4_IRQHandler                          0x08003fbd   Thumb Code     6  stm32f1xx_it.o(i.TIM4_IRQHandler)
    TIM_Base_SetConfig                       0x08003fc9   Thumb Code   120  stm32f1xx_hal_tim.o(i.TIM_Base_SetConfig)
    TIM_ETR_SetConfig                        0x08004055   Thumb Code    20  stm32f1xx_hal_tim.o(i.TIM_ETR_SetConfig)
    TIM_OC2_SetConfig                        0x080040d9   Thumb Code    98  stm32f1xx_hal_tim.o(i.TIM_OC2_SetConfig)
    TIM_TI1_SetConfig                        0x08004221   Thumb Code    88  stm32f1xx_hal_tim.o(i.TIM_TI1_SetConfig)
    UART_Start_Receive_DMA                   0x080045c9   Thumb Code   130  stm32f1xx_hal_uart.o(i.UART_Start_Receive_DMA)
    USART1_IRQHandler                        0x080046d1   Thumb Code    18  stm32f1xx_it.o(i.USART1_IRQHandler)
    UsageFault_Handler                       0x080046ed   Thumb Code     2  stm32f1xx_it.o(i.UsageFault_Handler)
    __ARM_fpclassify                         0x080046ef   Thumb Code    40  fpclassify.o(i.__ARM_fpclassify)
    _is_digit                                0x08004737   Thumb Code    14  __printf_wp.o(i._is_digit)
    app_cli_init                             0x08004745   Thumb Code    52  cli.o(i.app_cli_init)
    app_init                                 0x08004791   Thumb Code    30  app.o(i.app_init)
    cli_custom_init                          0x080047d5   Thumb Code    14  lib_cli_custom.o(i.cli_custom_init)
    cli_custom_input                         0x080047e9   Thumb Code   368  lib_cli_custom.o(i.cli_custom_input)
    cli_custom_load_cmd                      0x080049c1   Thumb Code    34  lib_cli_custom.o(i.cli_custom_load_cmd)
    cli_init                                 0x08004a71   Thumb Code     4  lib_cli.o(i.cli_init)
    cli_lookup_command                       0x08004b35   Thumb Code    82  lib_cli_custom.o(i.cli_lookup_command)
    cli_tab_auto_complete                    0x08004ce5   Thumb Code   206  lib_cli_custom.o(i.cli_tab_auto_complete)
    debug_channel_set                        0x08004dd5   Thumb Code     8  lib_debug.o(i.debug_channel_set)
    debug_init                               0x08004de1   Thumb Code    18  lib_debug.o(i.debug_init)
    debug_uart_config                        0x08004df9   Thumb Code    10  lib_debug_uart.o(i.debug_uart_config)
    main                                     0x08004e09   Thumb Code    46  main.o(i.main)
    osDelay                                  0x08004e39   Thumb Code    46  cmsis_os2.o(i.osDelay)
    osKernelInitialize                       0x08004e6d   Thumb Code    50  cmsis_os2.o(i.osKernelInitialize)
    osKernelStart                            0x08004ea5   Thumb Code    58  cmsis_os2.o(i.osKernelStart)
    osMutexNew                               0x08004ee5   Thumb Code   124  cmsis_os2.o(i.osMutexNew)
    osThreadNew                              0x08004f65   Thumb Code   160  cmsis_os2.o(i.osThreadNew)
    prvCliUartRecvCb                         0x080052b5   Thumb Code    62  cli.o(i.prvCliUartRecvCb)
    pvPortMalloc                             0x080059dd   Thumb Code   210  heap_4.o(i.pvPortMalloc)
    pxPortInitialiseStack                    0x08005ab5   Thumb Code    32  port.o(i.pxPortInitialiseStack)
    sys_init                                 0x08005b31   Thumb Code    30  sys.o(i.sys_init)
    uart_block_send                          0x08005b6d   Thumb Code    50  lib_uart.o(i.uart_block_send)
    uart_config_callback                     0x08005b9f   Thumb Code    22  lib_uart.o(i.uart_config_callback)
    uart_config_handle                       0x08005bb5   Thumb Code    56  lib_uart.o(i.uart_config_handle)
    uart_dma_rx_isr                          0x08005bed   Thumb Code     6  lib_uart.o(i.uart_dma_rx_isr)
    uart_dma_rx_isr_callback                 0x08005bf3   Thumb Code     2  lib_uart.o(i.uart_dma_rx_isr_callback)
    uart_dma_tx_isr                          0x08005bf5   Thumb Code     6  lib_uart.o(i.uart_dma_tx_isr)
    uart_dma_tx_isr_callback                 0x08005bfb   Thumb Code     2  lib_uart.o(i.uart_dma_tx_isr_callback)
    uart_isr                                 0x08005bfd   Thumb Code     6  lib_uart.o(i.uart_isr)
    uart_isr_callback                        0x08005c05   Thumb Code   226  lib_uart.o(i.uart_isr_callback)
    uxListRemove                             0x08005ce7   Thumb Code    38  list.o(i.uxListRemove)
    vApplicationGetIdleTaskMemory            0x08005d0d   Thumb Code    16  cmsis_os2.o(i.vApplicationGetIdleTaskMemory)
    vApplicationGetTimerTaskMemory           0x08005d21   Thumb Code    18  cmsis_os2.o(i.vApplicationGetTimerTaskMemory)
    vListInitialise                          0x08005d39   Thumb Code    22  list.o(i.vListInitialise)
    vListInitialiseItem                      0x08005d4f   Thumb Code     6  list.o(i.vListInitialiseItem)
    vListInsert                              0x08005d55   Thumb Code    48  list.o(i.vListInsert)
    vListInsertEnd                           0x08005d85   Thumb Code    24  list.o(i.vListInsertEnd)
    vPortEnterCritical                       0x08005d9d   Thumb Code    54  port.o(i.vPortEnterCritical)
    vPortExitCritical                        0x08005ddd   Thumb Code    34  port.o(i.vPortExitCritical)
    vPortFree                                0x08005e05   Thumb Code    88  heap_4.o(i.vPortFree)
    vPortSetupTimerInterrupt                 0x08005e61   Thumb Code    32  port.o(i.vPortSetupTimerInterrupt)
    vPortValidateInterruptPriority           0x08005e85   Thumb Code    74  port.o(i.vPortValidateInterruptPriority)
    vQueueAddToRegistry                      0x08005ed9   Thumb Code    34  queue.o(i.vQueueAddToRegistry)
    vQueueWaitForMessageRestricted           0x08005f01   Thumb Code    68  queue.o(i.vQueueWaitForMessageRestricted)
    vTaskDelay                               0x08005f45   Thumb Code    66  tasks.o(i.vTaskDelay)
    vTaskInternalSetTimeOutState             0x08005f91   Thumb Code    12  tasks.o(i.vTaskInternalSetTimeOutState)
    vTaskMissedYield                         0x08005fa1   Thumb Code     8  tasks.o(i.vTaskMissedYield)
    vTaskPlaceOnEventList                    0x08005fad   Thumb Code    44  tasks.o(i.vTaskPlaceOnEventList)
    vTaskPlaceOnEventListRestricted          0x08005fdd   Thumb Code    52  tasks.o(i.vTaskPlaceOnEventListRestricted)
    vTaskStartScheduler                      0x08006015   Thumb Code   118  tasks.o(i.vTaskStartScheduler)
    vTaskSuspendAll                          0x0800609d   Thumb Code    10  tasks.o(i.vTaskSuspendAll)
    vTaskSwitchContext                       0x080060ad   Thumb Code    90  tasks.o(i.vTaskSwitchContext)
    xPortStartScheduler                      0x08006111   Thumb Code   154  port.o(i.xPortStartScheduler)
    xQueueCreateMutex                        0x080061b9   Thumb Code    22  queue.o(i.xQueueCreateMutex)
    xQueueCreateMutexStatic                  0x080061cf   Thumb Code    26  queue.o(i.xQueueCreateMutexStatic)
    xQueueGenericCreate                      0x080061e9   Thumb Code    72  queue.o(i.xQueueGenericCreate)
    xQueueGenericCreateStatic                0x08006231   Thumb Code   102  queue.o(i.xQueueGenericCreateStatic)
    xQueueGenericReset                       0x08006299   Thumb Code   132  queue.o(i.xQueueGenericReset)
    xQueueGenericSend                        0x08006321   Thumb Code   346  queue.o(i.xQueueGenericSend)
    xQueueGenericSendFromISR                 0x08006481   Thumb Code   188  queue.o(i.xQueueGenericSendFromISR)
    xQueueReceive                            0x0800653d   Thumb Code   308  queue.o(i.xQueueReceive)
    xTaskCheckForTimeOut                     0x08006675   Thumb Code   112  tasks.o(i.xTaskCheckForTimeOut)
    xTaskCreate                              0x080066e9   Thumb Code    90  tasks.o(i.xTaskCreate)
    xTaskCreateStatic                        0x08006743   Thumb Code    86  tasks.o(i.xTaskCreateStatic)
    xTaskGetSchedulerState                   0x08006799   Thumb Code    22  tasks.o(i.xTaskGetSchedulerState)
    xTaskGetTickCount                        0x080067b5   Thumb Code     6  tasks.o(i.xTaskGetTickCount)
    xTaskIncrementTick                       0x080067c1   Thumb Code   190  tasks.o(i.xTaskIncrementTick)
    xTaskPriorityDisinherit                  0x08006889   Thumb Code   118  tasks.o(i.xTaskPriorityDisinherit)
    xTaskRemoveFromEventList                 0x08006909   Thumb Code    98  tasks.o(i.xTaskRemoveFromEventList)
    xTaskResumeAll                           0x08006979   Thumb Code   182  tasks.o(i.xTaskResumeAll)
    xTimerCreateTimerTask                    0x08006a3d   Thumb Code    78  timers.o(i.xTimerCreateTimerTask)
    xTimerGenericCommand                     0x08006a9d   Thumb Code    98  timers.o(i.xTimerGenericCommand)
    _get_lc_ctype                            0x08006b05   Thumb Code    44  lc_ctype_c.o(locale$$code)
    _get_lc_numeric                          0x08006b31   Thumb Code    44  lc_numeric_c.o(locale$$code)
    _printf_fp_dec                           0x08006b5d   Thumb Code     4  printf1.o(x$fpl$printf1)
    _printf_fp_hex                           0x08006b61   Thumb Code     4  printf2.o(x$fpl$printf2)
    __I$use$fp                               0x08006b64   Number         0  usenofp.o(x$fpl$usenofp)
    defaultTask_attributes                   0x08006b64   Data          36  freertos.o(.constdata)
    AHBPrescTable                            0x08006b9a   Data          16  system_stm32f1xx.o(.constdata)
    APBPrescTable                            0x08006baa   Data           8  system_stm32f1xx.o(.constdata)
    __cli_encli_name                         0x08006bcc   Data           6  cli.o(.constdata)
    __cli_encli_help                         0x08006bd2   Data          11  cli.o(.constdata)
    __cli_reset_name                         0x08006bdd   Data           6  cli.o(.constdata)
    __cli_reset_help                         0x08006be3   Data          13  cli.o(.constdata)
    __cli_en_breath_led_name                 0x08006bf0   Data          14  led_breath.o(.constdata)
    __cli_en_breath_led_help                 0x08006bfe   Data          11  led_breath.o(.constdata)
    CliCmdTab$$Base                          0x08006d6c   Number         0  cli.o(CliCmdTab)
    __cli_encli                              0x08006d6c   Data          12  cli.o(CliCmdTab)
    __cli_reset                              0x08006d78   Data          12  cli.o(CliCmdTab)
    __cli_en_breath_led                      0x08006d84   Data          12  led_breath.o(CliCmdTab)
    CliCmdTab$$Limit                         0x08006d90   Number         0  led_breath.o(CliCmdTab)
    Region$$Table$$Base                      0x08006d90   Number         0  anon$$obj.o(Region$$Table)
    Region$$Table$$Limit                     0x08006db0   Number         0  anon$$obj.o(Region$$Table)
    __ctype                                  0x08006dbd   Data           0  lc_ctype_c.o(locale$$data)
    defaultTaskHandle                        0x20000000   Data           4  freertos.o(.data)
    uwTickFreq                               0x20000004   Data           1  stm32f1xx_hal.o(.data)
    uwTickPrio                               0x20000008   Data           4  stm32f1xx_hal.o(.data)
    uwTick                                   0x2000000c   Data           4  stm32f1xx_hal.o(.data)
    SystemCoreClock                          0x20000010   Data           4  system_stm32f1xx.o(.data)
    pxCurrentTCB                             0x20000014   Data           4  tasks.o(.data)
    htim2                                    0x200000cc   Data          72  tim.o(.bss)
    htim3                                    0x20000114   Data          72  tim.o(.bss)
    huart1                                   0x2000015c   Data          72  usart.o(.bss)
    huart3                                   0x200001a4   Data          72  usart.o(.bss)
    hdma_usart1_rx                           0x200001ec   Data          68  usart.o(.bss)
    hdma_usart1_tx                           0x20000230   Data          68  usart.o(.bss)
    hdma_usart3_tx                           0x20000274   Data          68  usart.o(.bss)
    hdma_usart3_rx                           0x200002b8   Data          68  usart.o(.bss)
    htim4                                    0x200002fc   Data          72  stm32f1xx_hal_timebase_tim.o(.bss)
    xQueueRegistry                           0x20000344   Data          64  queue.o(.bss)
    cli_uart_ctrl                            0x20002798   Data         496  cli.o(.bss)
    __libspace_start                         0x20002be4   Data          96  libspace.o(.bss)
    __temporary_stack_top$libspace           0x20002c44   Data           0  libspace.o(.bss)



==============================================================================

Memory Map of the image

  Image Entry point : 0x08000131

  Load Region LR_IROM1 (Base: 0x08000000, Size: 0x00006fa8, Max: 0x00080000, ABSOLUTE)

    Execution Region ER_IROM1 (Exec base: 0x08000000, Load base: 0x08000000, Size: 0x00006edc, Max: 0x00080000, ABSOLUTE)

    Exec Addr    Load Addr    Size         Type   Attr      Idx    E Section Name        Object

    0x08000000   0x08000000   0x00000130   Data   RO            3    RESET               startup_stm32f103xe.o
    0x08000130   0x08000130   0x00000008   Code   RO         5877  * !!!main             c_w.l(__main.o)
    0x08000138   0x08000138   0x00000034   Code   RO         6263    !!!scatter          c_w.l(__scatter.o)
    0x0800016c   0x0800016c   0x0000001a   Code   RO         6265    !!handler_copy      c_w.l(__scatter_copy.o)
    0x08000186   0x08000186   0x00000002   PAD
    0x08000188   0x08000188   0x0000001c   Code   RO         6267    !!handler_zi        c_w.l(__scatter_zi.o)
    0x080001a4   0x080001a4   0x00000000   Code   RO         5993    .ARM.Collect$$_printf_percent$$00000000  c_w.l(_printf_percent.o)
    0x080001a4   0x080001a4   0x00000006   Code   RO         5982    .ARM.Collect$$_printf_percent$$00000001  c_w.l(_printf_n.o)
    0x080001aa   0x080001aa   0x00000006   Code   RO         5984    .ARM.Collect$$_printf_percent$$00000002  c_w.l(_printf_p.o)
    0x080001b0   0x080001b0   0x00000006   Code   RO         5989    .ARM.Collect$$_printf_percent$$00000003  c_w.l(_printf_f.o)
    0x080001b6   0x080001b6   0x00000006   Code   RO         5990    .ARM.Collect$$_printf_percent$$00000004  c_w.l(_printf_e.o)
    0x080001bc   0x080001bc   0x00000006   Code   RO         5991    .ARM.Collect$$_printf_percent$$00000005  c_w.l(_printf_g.o)
    0x080001c2   0x080001c2   0x00000006   Code   RO         5992    .ARM.Collect$$_printf_percent$$00000006  c_w.l(_printf_a.o)
    0x080001c8   0x080001c8   0x0000000a   Code   RO         5997    .ARM.Collect$$_printf_percent$$00000007  c_w.l(_printf_ll.o)
    0x080001d2   0x080001d2   0x00000006   Code   RO         5986    .ARM.Collect$$_printf_percent$$00000008  c_w.l(_printf_i.o)
    0x080001d8   0x080001d8   0x00000006   Code   RO         5987    .ARM.Collect$$_printf_percent$$00000009  c_w.l(_printf_d.o)
    0x080001de   0x080001de   0x00000006   Code   RO         5988    .ARM.Collect$$_printf_percent$$0000000A  c_w.l(_printf_u.o)
    0x080001e4   0x080001e4   0x00000006   Code   RO         5985    .ARM.Collect$$_printf_percent$$0000000B  c_w.l(_printf_o.o)
    0x080001ea   0x080001ea   0x00000006   Code   RO         5983    .ARM.Collect$$_printf_percent$$0000000C  c_w.l(_printf_x.o)
    0x080001f0   0x080001f0   0x00000006   Code   RO         5994    .ARM.Collect$$_printf_percent$$0000000D  c_w.l(_printf_lli.o)
    0x080001f6   0x080001f6   0x00000006   Code   RO         5995    .ARM.Collect$$_printf_percent$$0000000E  c_w.l(_printf_lld.o)
    0x080001fc   0x080001fc   0x00000006   Code   RO         5996    .ARM.Collect$$_printf_percent$$0000000F  c_w.l(_printf_llu.o)
    0x08000202   0x08000202   0x00000006   Code   RO         6001    .ARM.Collect$$_printf_percent$$00000010  c_w.l(_printf_llo.o)
    0x08000208   0x08000208   0x00000006   Code   RO         6002    .ARM.Collect$$_printf_percent$$00000011  c_w.l(_printf_llx.o)
    0x0800020e   0x0800020e   0x0000000a   Code   RO         5998    .ARM.Collect$$_printf_percent$$00000012  c_w.l(_printf_l.o)
    0x08000218   0x08000218   0x00000006   Code   RO         5980    .ARM.Collect$$_printf_percent$$00000013  c_w.l(_printf_c.o)
    0x0800021e   0x0800021e   0x00000006   Code   RO         5981    .ARM.Collect$$_printf_percent$$00000014  c_w.l(_printf_s.o)
    0x08000224   0x08000224   0x00000006   Code   RO         5999    .ARM.Collect$$_printf_percent$$00000015  c_w.l(_printf_lc.o)
    0x0800022a   0x0800022a   0x00000006   Code   RO         6000    .ARM.Collect$$_printf_percent$$00000016  c_w.l(_printf_ls.o)
    0x08000230   0x08000230   0x00000004   Code   RO         6111    .ARM.Collect$$_printf_percent$$00000017  c_w.l(_printf_percent_end.o)
    0x08000234   0x08000234   0x00000002   Code   RO         6195    .ARM.Collect$$libinit$$00000000  c_w.l(libinit.o)
    0x08000236   0x08000236   0x00000000   Code   RO         6014    .ARM.Collect$$libinit$$00000002  c_w.l(libinit2.o)
    0x08000236   0x08000236   0x00000000   Code   RO         6016    .ARM.Collect$$libinit$$00000004  c_w.l(libinit2.o)
    0x08000236   0x08000236   0x00000000   Code   RO         6019    .ARM.Collect$$libinit$$0000000A  c_w.l(libinit2.o)
    0x08000236   0x08000236   0x00000000   Code   RO         6021    .ARM.Collect$$libinit$$0000000C  c_w.l(libinit2.o)
    0x08000236   0x08000236   0x00000000   Code   RO         6023    .ARM.Collect$$libinit$$0000000E  c_w.l(libinit2.o)
    0x08000236   0x08000236   0x00000006   Code   RO         6024    .ARM.Collect$$libinit$$0000000F  c_w.l(libinit2.o)
    0x0800023c   0x0800023c   0x00000000   Code   RO         6026    .ARM.Collect$$libinit$$00000011  c_w.l(libinit2.o)
    0x0800023c   0x0800023c   0x0000000c   Code   RO         6027    .ARM.Collect$$libinit$$00000012  c_w.l(libinit2.o)
    0x08000248   0x08000248   0x00000000   Code   RO         6028    .ARM.Collect$$libinit$$00000013  c_w.l(libinit2.o)
    0x08000248   0x08000248   0x00000000   Code   RO         6030    .ARM.Collect$$libinit$$00000015  c_w.l(libinit2.o)
    0x08000248   0x08000248   0x0000000a   Code   RO         6031    .ARM.Collect$$libinit$$00000016  c_w.l(libinit2.o)
    0x08000252   0x08000252   0x00000000   Code   RO         6032    .ARM.Collect$$libinit$$00000017  c_w.l(libinit2.o)
    0x08000252   0x08000252   0x00000000   Code   RO         6034    .ARM.Collect$$libinit$$00000019  c_w.l(libinit2.o)
    0x08000252   0x08000252   0x00000000   Code   RO         6036    .ARM.Collect$$libinit$$0000001B  c_w.l(libinit2.o)
    0x08000252   0x08000252   0x00000000   Code   RO         6038    .ARM.Collect$$libinit$$0000001D  c_w.l(libinit2.o)
    0x08000252   0x08000252   0x00000000   Code   RO         6040    .ARM.Collect$$libinit$$0000001F  c_w.l(libinit2.o)
    0x08000252   0x08000252   0x00000000   Code   RO         6042    .ARM.Collect$$libinit$$00000021  c_w.l(libinit2.o)
    0x08000252   0x08000252   0x00000000   Code   RO         6044    .ARM.Collect$$libinit$$00000023  c_w.l(libinit2.o)
    0x08000252   0x08000252   0x00000000   Code   RO         6046    .ARM.Collect$$libinit$$00000025  c_w.l(libinit2.o)
    0x08000252   0x08000252   0x00000000   Code   RO         6050    .ARM.Collect$$libinit$$0000002C  c_w.l(libinit2.o)
    0x08000252   0x08000252   0x00000000   Code   RO         6052    .ARM.Collect$$libinit$$0000002E  c_w.l(libinit2.o)
    0x08000252   0x08000252   0x00000000   Code   RO         6054    .ARM.Collect$$libinit$$00000030  c_w.l(libinit2.o)
    0x08000252   0x08000252   0x00000000   Code   RO         6056    .ARM.Collect$$libinit$$00000032  c_w.l(libinit2.o)
    0x08000252   0x08000252   0x00000002   Code   RO         6057    .ARM.Collect$$libinit$$00000033  c_w.l(libinit2.o)
    0x08000254   0x08000254   0x00000002   Code   RO         6260    .ARM.Collect$$libshutdown$$00000000  c_w.l(libshutdown.o)
    0x08000256   0x08000256   0x00000000   Code   RO         6214    .ARM.Collect$$libshutdown$$00000002  c_w.l(libshutdown2.o)
    0x08000256   0x08000256   0x00000000   Code   RO         6216    .ARM.Collect$$libshutdown$$00000004  c_w.l(libshutdown2.o)
    0x08000256   0x08000256   0x00000000   Code   RO         6218    .ARM.Collect$$libshutdown$$00000006  c_w.l(libshutdown2.o)
    0x08000256   0x08000256   0x00000000   Code   RO         6221    .ARM.Collect$$libshutdown$$00000009  c_w.l(libshutdown2.o)
    0x08000256   0x08000256   0x00000000   Code   RO         6224    .ARM.Collect$$libshutdown$$0000000C  c_w.l(libshutdown2.o)
    0x08000256   0x08000256   0x00000000   Code   RO         6226    .ARM.Collect$$libshutdown$$0000000E  c_w.l(libshutdown2.o)
    0x08000256   0x08000256   0x00000000   Code   RO         6229    .ARM.Collect$$libshutdown$$00000011  c_w.l(libshutdown2.o)
    0x08000256   0x08000256   0x00000002   Code   RO         6230    .ARM.Collect$$libshutdown$$00000012  c_w.l(libshutdown2.o)
    0x08000258   0x08000258   0x00000000   Code   RO         5881    .ARM.Collect$$rtentry$$00000000  c_w.l(__rtentry.o)
    0x08000258   0x08000258   0x00000000   Code   RO         6072    .ARM.Collect$$rtentry$$00000002  c_w.l(__rtentry2.o)
    0x08000258   0x08000258   0x00000006   Code   RO         6084    .ARM.Collect$$rtentry$$00000004  c_w.l(__rtentry4.o)
    0x0800025e   0x0800025e   0x00000000   Code   RO         6074    .ARM.Collect$$rtentry$$00000009  c_w.l(__rtentry2.o)
    0x0800025e   0x0800025e   0x00000004   Code   RO         6075    .ARM.Collect$$rtentry$$0000000A  c_w.l(__rtentry2.o)
    0x08000262   0x08000262   0x00000000   Code   RO         6077    .ARM.Collect$$rtentry$$0000000C  c_w.l(__rtentry2.o)
    0x08000262   0x08000262   0x00000008   Code   RO         6078    .ARM.Collect$$rtentry$$0000000D  c_w.l(__rtentry2.o)
    0x0800026a   0x0800026a   0x00000002   Code   RO         6203    .ARM.Collect$$rtexit$$00000000  c_w.l(rtexit.o)
    0x0800026c   0x0800026c   0x00000000   Code   RO         6234    .ARM.Collect$$rtexit$$00000002  c_w.l(rtexit2.o)
    0x0800026c   0x0800026c   0x00000004   Code   RO         6235    .ARM.Collect$$rtexit$$00000003  c_w.l(rtexit2.o)
    0x08000270   0x08000270   0x00000006   Code   RO         6236    .ARM.Collect$$rtexit$$00000004  c_w.l(rtexit2.o)
    0x08000276   0x08000276   0x00000002   PAD
    0x08000278   0x08000278   0x00000096   Code   RO         4581    .emb_text           port.o
    0x0800030e   0x0800030e   0x00000002   PAD
    0x08000310   0x08000310   0x00000040   Code   RO            4    .text               startup_stm32f103xe.o
    0x08000350   0x08000350   0x00000024   Code   RO         5846    .text               c_w.l(vsprintf.o)
    0x08000374   0x08000374   0x0000001a   Code   RO         5848    .text               c_w.l(atoi.o)
    0x0800038e   0x0800038e   0x00000002   PAD
    0x08000390   0x08000390   0x0000000c   Code   RO         5850    .text               c_w.l(strtok.o)
    0x0800039c   0x0800039c   0x00000048   Code   RO         5853    .text               c_w.l(strcpy.o)
    0x080003e4   0x080003e4   0x0000003e   Code   RO         5855    .text               c_w.l(strlen.o)
    0x08000422   0x08000422   0x00000096   Code   RO         5857    .text               c_w.l(strncmp.o)
    0x080004b8   0x080004b8   0x0000008a   Code   RO         5859    .text               c_w.l(rt_memcpy_v6.o)
    0x08000542   0x08000542   0x00000084   Code   RO         5861    .text               c_w.l(rt_memmove_v6.o)
    0x080005c6   0x080005c6   0x00000064   Code   RO         5863    .text               c_w.l(rt_memcpy_w.o)
    0x0800062a   0x0800062a   0x00000010   Code   RO         5867    .text               c_w.l(aeabi_memset.o)
    0x0800063a   0x0800063a   0x0000004e   Code   RO         5869    .text               c_w.l(rt_memclr_w.o)
    0x08000688   0x08000688   0x00000056   Code   RO         5871    .text               c_w.l(strncpy.o)
    0x080006de   0x080006de   0x00000002   PAD
    0x080006e0   0x080006e0   0x00000080   Code   RO         5873    .text               c_w.l(strcmpv7m.o)
    0x08000760   0x08000760   0x00000006   Code   RO         5875    .text               c_w.l(heapauxi.o)
    0x08000766   0x08000766   0x00000002   PAD
    0x08000768   0x08000768   0x00000008   Code   RO         5890    .text               c_w.l(rt_errno_addr_intlibspace.o)
    0x08000770   0x08000770   0x0000004e   Code   RO         5914    .text               c_w.l(_printf_pad.o)
    0x080007be   0x080007be   0x00000024   Code   RO         5916    .text               c_w.l(_printf_truncate.o)
    0x080007e2   0x080007e2   0x00000052   Code   RO         5918    .text               c_w.l(_printf_str.o)
    0x08000834   0x08000834   0x00000078   Code   RO         5920    .text               c_w.l(_printf_dec.o)
    0x080008ac   0x080008ac   0x00000028   Code   RO         5922    .text               c_w.l(_printf_charcount.o)
    0x080008d4   0x080008d4   0x00000030   Code   RO         5924    .text               c_w.l(_printf_char_common.o)
    0x08000904   0x08000904   0x0000000a   Code   RO         5926    .text               c_w.l(_sputc.o)
    0x0800090e   0x0800090e   0x00000002   PAD
    0x08000910   0x08000910   0x000000bc   Code   RO         5928    .text               c_w.l(_printf_wctomb.o)
    0x080009cc   0x080009cc   0x0000007c   Code   RO         5931    .text               c_w.l(_printf_longlong_dec.o)
    0x08000a48   0x08000a48   0x00000070   Code   RO         5937    .text               c_w.l(_printf_oct_int_ll.o)
    0x08000ab8   0x08000ab8   0x00000094   Code   RO         5957    .text               c_w.l(_printf_hex_int_ll_ptr.o)
    0x08000b4c   0x08000b4c   0x00000188   Code   RO         5977    .text               c_w.l(__printf_flags_ss_wp.o)
    0x08000cd4   0x08000cd4   0x00000070   Code   RO         6003    .text               c_w.l(strtol.o)
    0x08000d44   0x08000d44   0x00000044   Code   RO         6005    .text               c_w.l(strtok_int.o)
    0x08000d88   0x08000d88   0x0000007a   Code   RO         6007    .text               c_w.l(rt_memmove_w.o)
    0x08000e02   0x08000e02   0x00000044   Code   RO         6009    .text               c_w.l(rt_memclr.o)
    0x08000e46   0x08000e46   0x00000002   PAD
    0x08000e48   0x08000e48   0x00000008   Code   RO         6068    .text               c_w.l(libspace.o)
    0x08000e50   0x08000e50   0x00000010   Code   RO         6086    .text               c_w.l(rt_ctype_table.o)
    0x08000e60   0x08000e60   0x0000008a   Code   RO         6096    .text               c_w.l(lludiv10.o)
    0x08000eea   0x08000eea   0x000000b2   Code   RO         6098    .text               c_w.l(_printf_intcommon.o)
    0x08000f9c   0x08000f9c   0x0000041e   Code   RO         6100    .text               c_w.l(_printf_fp_dec.o)
    0x080013ba   0x080013ba   0x00000002   PAD
    0x080013bc   0x080013bc   0x000002fc   Code   RO         6102    .text               c_w.l(_printf_fp_hex.o)
    0x080016b8   0x080016b8   0x0000002c   Code   RO         6107    .text               c_w.l(_printf_char.o)
    0x080016e4   0x080016e4   0x0000002c   Code   RO         6109    .text               c_w.l(_printf_wchar.o)
    0x08001710   0x08001710   0x0000009e   Code   RO         6112    .text               c_w.l(_strtoul.o)
    0x080017ae   0x080017ae   0x00000040   Code   RO         6114    .text               c_w.l(_wcrtomb.o)
    0x080017ee   0x080017ee   0x00000020   Code   RO         6120    .text               c_w.l(strcspn.o)
    0x0800180e   0x0800180e   0x0000001c   Code   RO         6122    .text               c_w.l(strspn.o)
    0x0800182a   0x0800182a   0x00000002   Code   RO         6131    .text               c_w.l(use_no_semi.o)
    0x0800182c   0x0800182c   0x00000000   Code   RO         6133    .text               c_w.l(indicate_semi.o)
    0x0800182c   0x0800182c   0x0000004a   Code   RO         6134    .text               c_w.l(sys_stackheap_outer.o)
    0x08001876   0x08001876   0x00000002   PAD
    0x08001878   0x08001878   0x00000008   Code   RO         6141    .text               c_w.l(rt_locale_intlibspace.o)
    0x08001880   0x08001880   0x00000080   Code   RO         6145    .text               c_w.l(_printf_fp_infnan.o)
    0x08001900   0x08001900   0x0000001c   Code   RO         6147    .text               c_w.l(_chval.o)
    0x0800191c   0x0800191c   0x000000e4   Code   RO         6149    .text               c_w.l(bigflt0.o)
    0x08001a00   0x08001a00   0x00000012   Code   RO         6180    .text               c_w.l(exit.o)
    0x08001a12   0x08001a12   0x00000002   PAD
    0x08001a14   0x08001a14   0x0000000c   Code   RO         6201    .text               c_w.l(sys_exit.o)
    0x08001a20   0x08001a20   0x0000003e   Code   RO         6152    CL$$btod_d2e        c_w.l(btod.o)
    0x08001a5e   0x08001a5e   0x00000046   Code   RO         6154    CL$$btod_d2e_denorm_low  c_w.l(btod.o)
    0x08001aa4   0x08001aa4   0x00000060   Code   RO         6153    CL$$btod_d2e_norm_op1  c_w.l(btod.o)
    0x08001b04   0x08001b04   0x00000338   Code   RO         6162    CL$$btod_div_common  c_w.l(btod.o)
    0x08001e3c   0x08001e3c   0x000000dc   Code   RO         6159    CL$$btod_e2e        c_w.l(btod.o)
    0x08001f18   0x08001f18   0x0000002a   Code   RO         6156    CL$$btod_ediv       c_w.l(btod.o)
    0x08001f42   0x08001f42   0x0000002a   Code   RO         6155    CL$$btod_emul       c_w.l(btod.o)
    0x08001f6c   0x08001f6c   0x00000244   Code   RO         6161    CL$$btod_mult_common  c_w.l(btod.o)
    0x080021b0   0x080021b0   0x00000002   Code   RO          501    i.BusFault_Handler  stm32f1xx_it.o
    0x080021b2   0x080021b2   0x00000002   PAD
    0x080021b4   0x080021b4   0x0000000c   Code   RO          502    i.DMA1_Channel2_IRQHandler  stm32f1xx_it.o
    0x080021c0   0x080021c0   0x0000000c   Code   RO          503    i.DMA1_Channel3_IRQHandler  stm32f1xx_it.o
    0x080021cc   0x080021cc   0x0000001c   Code   RO          504    i.DMA1_Channel4_IRQHandler  stm32f1xx_it.o
    0x080021e8   0x080021e8   0x0000001c   Code   RO          505    i.DMA1_Channel5_IRQHandler  stm32f1xx_it.o
    0x08002204   0x08002204   0x0000002a   Code   RO         1080    i.DMA_SetConfig     stm32f1xx_hal_dma.o
    0x0800222e   0x0800222e   0x00000002   Code   RO          506    i.DebugMon_Handler  stm32f1xx_it.o
    0x08002230   0x08002230   0x00000004   Code   RO           13    i.Error_Handler     main.o
    0x08002234   0x08002234   0x00000046   Code   RO         1081    i.HAL_DMA_Abort     stm32f1xx_hal_dma.o
    0x0800227a   0x0800227a   0x00000002   PAD
    0x0800227c   0x0800227c   0x00000130   Code   RO         1082    i.HAL_DMA_Abort_IT  stm32f1xx_hal_dma.o
    0x080023ac   0x080023ac   0x00000248   Code   RO         1086    i.HAL_DMA_IRQHandler  stm32f1xx_hal_dma.o
    0x080025f4   0x080025f4   0x0000007c   Code   RO         1087    i.HAL_DMA_Init      stm32f1xx_hal_dma.o
    0x08002670   0x08002670   0x00000070   Code   RO         1091    i.HAL_DMA_Start_IT  stm32f1xx_hal_dma.o
    0x080026e0   0x080026e0   0x000001f8   Code   RO         1017    i.HAL_GPIO_Init     stm32f1xx_hal_gpio.o
    0x080028d8   0x080028d8   0x0000000a   Code   RO         1021    i.HAL_GPIO_WritePin  stm32f1xx_hal_gpio.o
    0x080028e2   0x080028e2   0x00000002   PAD
    0x080028e4   0x080028e4   0x0000000c   Code   RO          711    i.HAL_GetTick       stm32f1xx_hal.o
    0x080028f0   0x080028f0   0x00000010   Code   RO          717    i.HAL_IncTick       stm32f1xx_hal.o
    0x08002900   0x08002900   0x00000024   Code   RO          718    i.HAL_Init          stm32f1xx_hal.o
    0x08002924   0x08002924   0x00000098   Code   RO          625    i.HAL_InitTick      stm32f1xx_hal_timebase_tim.o
    0x080029bc   0x080029bc   0x00000048   Code   RO          601    i.HAL_MspInit       stm32f1xx_hal_msp.o
    0x08002a04   0x08002a04   0x0000001a   Code   RO         1177    i.HAL_NVIC_EnableIRQ  stm32f1xx_hal_cortex.o
    0x08002a1e   0x08002a1e   0x00000002   PAD
    0x08002a20   0x08002a20   0x00000040   Code   RO         1183    i.HAL_NVIC_SetPriority  stm32f1xx_hal_cortex.o
    0x08002a60   0x08002a60   0x00000024   Code   RO         1184    i.HAL_NVIC_SetPriorityGrouping  stm32f1xx_hal_cortex.o
    0x08002a84   0x08002a84   0x0000012c   Code   RO          875    i.HAL_RCC_ClockConfig  stm32f1xx_hal_rcc.o
    0x08002bb0   0x08002bb0   0x00000040   Code   RO          879    i.HAL_RCC_GetClockConfig  stm32f1xx_hal_rcc.o
    0x08002bf0   0x08002bf0   0x00000020   Code   RO          882    i.HAL_RCC_GetPCLK1Freq  stm32f1xx_hal_rcc.o
    0x08002c10   0x08002c10   0x00000020   Code   RO          883    i.HAL_RCC_GetPCLK2Freq  stm32f1xx_hal_rcc.o
    0x08002c30   0x08002c30   0x0000004c   Code   RO          884    i.HAL_RCC_GetSysClockFreq  stm32f1xx_hal_rcc.o
    0x08002c7c   0x08002c7c   0x00000320   Code   RO          887    i.HAL_RCC_OscConfig  stm32f1xx_hal_rcc.o
    0x08002f9c   0x08002f9c   0x00000002   Code   RO         2383    i.HAL_TIMEx_BreakCallback  stm32f1xx_hal_tim_ex.o
    0x08002f9e   0x08002f9e   0x00000002   Code   RO         2384    i.HAL_TIMEx_CommutCallback  stm32f1xx_hal_tim_ex.o
    0x08002fa0   0x08002fa0   0x0000007c   Code   RO         2402    i.HAL_TIMEx_MasterConfigSynchronization  stm32f1xx_hal_tim_ex.o
    0x0800301c   0x0800301c   0x0000005a   Code   RO         1679    i.HAL_TIM_Base_Init  stm32f1xx_hal_tim.o
    0x08003076   0x08003076   0x00000002   PAD
    0x08003078   0x08003078   0x00000074   Code   RO          388    i.HAL_TIM_Base_MspInit  tim.o
    0x080030ec   0x080030ec   0x0000006c   Code   RO         1684    i.HAL_TIM_Base_Start_IT  stm32f1xx_hal_tim.o
    0x08003158   0x08003158   0x000000dc   Code   RO         1688    i.HAL_TIM_ConfigClockSource  stm32f1xx_hal_tim.o
    0x08003234   0x08003234   0x00000002   Code   RO         1713    i.HAL_TIM_IC_CaptureCallback  stm32f1xx_hal_tim.o
    0x08003236   0x08003236   0x00000124   Code   RO         1715    i.HAL_TIM_IC_ConfigChannel  stm32f1xx_hal_tim.o
    0x0800335a   0x0800335a   0x0000005a   Code   RO         1718    i.HAL_TIM_IC_Init   stm32f1xx_hal_tim.o
    0x080033b4   0x080033b4   0x00000060   Code   RO          390    i.HAL_TIM_IC_MspInit  tim.o
    0x08003414   0x08003414   0x00000166   Code   RO         1727    i.HAL_TIM_IRQHandler  stm32f1xx_hal_tim.o
    0x0800357a   0x0800357a   0x00000002   PAD
    0x0800357c   0x0800357c   0x00000060   Code   RO          391    i.HAL_TIM_MspPostInit  tim.o
    0x080035dc   0x080035dc   0x00000002   Code   RO         1730    i.HAL_TIM_OC_DelayElapsedCallback  stm32f1xx_hal_tim.o
    0x080035de   0x080035de   0x000000cc   Code   RO         1751    i.HAL_TIM_PWM_ConfigChannel  stm32f1xx_hal_tim.o
    0x080036aa   0x080036aa   0x0000005a   Code   RO         1754    i.HAL_TIM_PWM_Init  stm32f1xx_hal_tim.o
    0x08003704   0x08003704   0x00000002   Code   RO         1756    i.HAL_TIM_PWM_MspInit  stm32f1xx_hal_tim.o
    0x08003706   0x08003706   0x00000002   Code   RO         1757    i.HAL_TIM_PWM_PulseFinishedCallback  stm32f1xx_hal_tim.o
    0x08003708   0x08003708   0x00000014   Code   RO           14    i.HAL_TIM_PeriodElapsedCallback  main.o
    0x0800371c   0x0800371c   0x00000002   Code   RO         1770    i.HAL_TIM_TriggerCallback  stm32f1xx_hal_tim.o
    0x0800371e   0x0800371e   0x00000002   Code   RO         2662    i.HAL_UARTEx_RxEventCallback  stm32f1xx_hal_uart.o
    0x08003720   0x08003720   0x00000070   Code   RO         2674    i.HAL_UART_DMAStop  stm32f1xx_hal_uart.o
    0x08003790   0x08003790   0x00000002   Code   RO         2676    i.HAL_UART_ErrorCallback  stm32f1xx_hal_uart.o
    0x08003792   0x08003792   0x0000000a   Code   RO         2678    i.HAL_UART_GetState  stm32f1xx_hal_uart.o
    0x0800379c   0x0800379c   0x0000026c   Code   RO         2679    i.HAL_UART_IRQHandler  stm32f1xx_hal_uart.o
    0x08003a08   0x08003a08   0x00000064   Code   RO         2680    i.HAL_UART_Init     stm32f1xx_hal_uart.o
    0x08003a6c   0x08003a6c   0x00000184   Code   RO          454    i.HAL_UART_MspInit  usart.o
    0x08003bf0   0x08003bf0   0x0000001c   Code   RO         2684    i.HAL_UART_Receive_DMA  stm32f1xx_hal_uart.o
    0x08003c0c   0x08003c0c   0x00000002   Code   RO         2686    i.HAL_UART_RxCpltCallback  stm32f1xx_hal_uart.o
    0x08003c0e   0x08003c0e   0x00000002   Code   RO         2687    i.HAL_UART_RxHalfCpltCallback  stm32f1xx_hal_uart.o
    0x08003c10   0x08003c10   0x0000009a   Code   RO         2688    i.HAL_UART_Transmit  stm32f1xx_hal_uart.o
    0x08003caa   0x08003caa   0x00000002   Code   RO         2691    i.HAL_UART_TxCpltCallback  stm32f1xx_hal_uart.o
    0x08003cac   0x08003cac   0x00000002   Code   RO          507    i.HardFault_Handler  stm32f1xx_it.o
    0x08003cae   0x08003cae   0x00000002   PAD
    0x08003cb0   0x08003cb0   0x0000005c   Code   RO          363    i.MX_DMA_Init       dma.o
    0x08003d0c   0x08003d0c   0x00000024   Code   RO          208    i.MX_FREERTOS_Init  freertos.o
    0x08003d30   0x08003d30   0x00000060   Code   RO          184    i.MX_GPIO_Init      gpio.o
    0x08003d90   0x08003d90   0x0000006c   Code   RO          392    i.MX_TIM2_Init      tim.o
    0x08003dfc   0x08003dfc   0x000000ac   Code   RO          393    i.MX_TIM3_Init      tim.o
    0x08003ea8   0x08003ea8   0x00000038   Code   RO          455    i.MX_USART1_UART_Init  usart.o
    0x08003ee0   0x08003ee0   0x00000038   Code   RO          456    i.MX_USART3_UART_Init  usart.o
    0x08003f18   0x08003f18   0x00000002   Code   RO          508    i.MemManage_Handler  stm32f1xx_it.o
    0x08003f1a   0x08003f1a   0x00000002   Code   RO          509    i.NMI_Handler       stm32f1xx_it.o
    0x08003f1c   0x08003f1c   0x00000008   Code   RO          209    i.StartDefaultTask  freertos.o
    0x08003f24   0x08003f24   0x0000002c   Code   RO         4582    i.SysTick_Handler   port.o
    0x08003f50   0x08003f50   0x0000005e   Code   RO           15    i.SystemClock_Config  main.o
    0x08003fae   0x08003fae   0x00000002   Code   RO         3014    i.SystemInit        system_stm32f1xx.o
    0x08003fb0   0x08003fb0   0x0000000c   Code   RO          510    i.TIM2_IRQHandler   stm32f1xx_it.o
    0x08003fbc   0x08003fbc   0x0000000c   Code   RO          511    i.TIM4_IRQHandler   stm32f1xx_it.o
    0x08003fc8   0x08003fc8   0x0000008c   Code   RO         1772    i.TIM_Base_SetConfig  stm32f1xx_hal_tim.o
    0x08004054   0x08004054   0x00000014   Code   RO         1783    i.TIM_ETR_SetConfig  stm32f1xx_hal_tim.o
    0x08004068   0x08004068   0x00000010   Code   RO         1784    i.TIM_ITRx_SetConfig  stm32f1xx_hal_tim.o
    0x08004078   0x08004078   0x00000060   Code   RO         1785    i.TIM_OC1_SetConfig  stm32f1xx_hal_tim.o
    0x080040d8   0x080040d8   0x0000006c   Code   RO         1786    i.TIM_OC2_SetConfig  stm32f1xx_hal_tim.o
    0x08004144   0x08004144   0x00000068   Code   RO         1787    i.TIM_OC3_SetConfig  stm32f1xx_hal_tim.o
    0x080041ac   0x080041ac   0x00000050   Code   RO         1788    i.TIM_OC4_SetConfig  stm32f1xx_hal_tim.o
    0x080041fc   0x080041fc   0x00000022   Code   RO         1790    i.TIM_TI1_ConfigInputStage  stm32f1xx_hal_tim.o
    0x0800421e   0x0800421e   0x00000002   PAD
    0x08004220   0x08004220   0x0000006c   Code   RO         1791    i.TIM_TI1_SetConfig  stm32f1xx_hal_tim.o
    0x0800428c   0x0800428c   0x00000024   Code   RO         1792    i.TIM_TI2_ConfigInputStage  stm32f1xx_hal_tim.o
    0x080042b0   0x080042b0   0x00000036   Code   RO         1793    i.TIM_TI2_SetConfig  stm32f1xx_hal_tim.o
    0x080042e6   0x080042e6   0x00000010   Code   RO         2693    i.UART_DMAAbortOnError  stm32f1xx_hal_uart.o
    0x080042f6   0x080042f6   0x0000004a   Code   RO         2694    i.UART_DMAError     stm32f1xx_hal_uart.o
    0x08004340   0x08004340   0x00000086   Code   RO         2695    i.UART_DMAReceiveCplt  stm32f1xx_hal_uart.o
    0x080043c6   0x080043c6   0x0000001e   Code   RO         2697    i.UART_DMARxHalfCplt  stm32f1xx_hal_uart.o
    0x080043e4   0x080043e4   0x0000004e   Code   RO         2703    i.UART_EndRxTransfer  stm32f1xx_hal_uart.o
    0x08004432   0x08004432   0x0000001c   Code   RO         2704    i.UART_EndTxTransfer  stm32f1xx_hal_uart.o
    0x0800444e   0x0800444e   0x000000c2   Code   RO         2705    i.UART_Receive_IT   stm32f1xx_hal_uart.o
    0x08004510   0x08004510   0x000000b8   Code   RO         2706    i.UART_SetConfig    stm32f1xx_hal_uart.o
    0x080045c8   0x080045c8   0x00000090   Code   RO         2707    i.UART_Start_Receive_DMA  stm32f1xx_hal_uart.o
    0x08004658   0x08004658   0x00000078   Code   RO         2709    i.UART_WaitOnFlagUntilTimeout  stm32f1xx_hal_uart.o
    0x080046d0   0x080046d0   0x0000001c   Code   RO          512    i.USART1_IRQHandler  stm32f1xx_it.o
    0x080046ec   0x080046ec   0x00000002   Code   RO          513    i.UsageFault_Handler  stm32f1xx_it.o
    0x080046ee   0x080046ee   0x00000028   Code   RO         6199    i.__ARM_fpclassify  m_ws.l(fpclassify.o)
    0x08004716   0x08004716   0x00000020   Code   RO         1190    i.__NVIC_SetPriority  stm32f1xx_hal_cortex.o
    0x08004736   0x08004736   0x0000000e   Code   RO         5970    i._is_digit         c_w.l(__printf_wp.o)
    0x08004744   0x08004744   0x0000004c   Code   RO         5528    i.app_cli_init      cli.o
    0x08004790   0x08004790   0x00000024   Code   RO         5463    i.app_init          app.o
    0x080047b4   0x080047b4   0x00000020   Code   RO         4725    i.clear_cmd_buffer  lib_cli_custom.o
    0x080047d4   0x080047d4   0x00000014   Code   RO         4726    i.cli_custom_init   lib_cli_custom.o
    0x080047e8   0x080047e8   0x000001d8   Code   RO         4727    i.cli_custom_input  lib_cli_custom.o
    0x080049c0   0x080049c0   0x0000002c   Code   RO         4728    i.cli_custom_load_cmd  lib_cli_custom.o
    0x080049ec   0x080049ec   0x00000084   Code   RO         4730    i.cli_help          lib_cli_custom.o
    0x08004a70   0x08004a70   0x00000004   Code   RO         4661    i.cli_init          lib_cli.o
    0x08004a74   0x08004a74   0x000000c0   Code   RO         4731    i.cli_list          lib_cli_custom.o
    0x08004b34   0x08004b34   0x0000005c   Code   RO         4732    i.cli_lookup_command  lib_cli_custom.o
    0x08004b90   0x08004b90   0x00000154   Code   RO         4733    i.cli_special_key_check  lib_cli_custom.o
    0x08004ce4   0x08004ce4   0x000000f0   Code   RO         4734    i.cli_tab_auto_complete  lib_cli_custom.o
    0x08004dd4   0x08004dd4   0x0000000c   Code   RO         4823    i.debug_channel_set  lib_debug.o
    0x08004de0   0x08004de0   0x00000018   Code   RO         4824    i.debug_init        lib_debug.o
    0x08004df8   0x08004df8   0x00000010   Code   RO         4905    i.debug_uart_config  lib_debug_uart.o
    0x08004e08   0x08004e08   0x0000002e   Code   RO           16    i.main              main.o
    0x08004e36   0x08004e36   0x00000002   PAD
    0x08004e38   0x08004e38   0x00000034   Code   RO         4114    i.osDelay           cmsis_os2.o
    0x08004e6c   0x08004e6c   0x00000038   Code   RO         4128    i.osKernelInitialize  cmsis_os2.o
    0x08004ea4   0x08004ea4   0x00000040   Code   RO         4131    i.osKernelStart     cmsis_os2.o
    0x08004ee4   0x08004ee4   0x00000080   Code   RO         4145    i.osMutexNew        cmsis_os2.o
    0x08004f64   0x08004f64   0x000000a4   Code   RO         4165    i.osThreadNew       cmsis_os2.o
    0x08005008   0x08005008   0x0000005c   Code   RO         3610    i.prvAddCurrentTaskToDelayedList  tasks.o
    0x08005064   0x08005064   0x000000d0   Code   RO         3611    i.prvAddNewTaskToReadyList  tasks.o
    0x08005134   0x08005134   0x00000058   Code   RO         3960    i.prvCheckForValidListAndQueue  timers.o
    0x0800518c   0x0800518c   0x000000a8   Code   RO         5529    i.prvCliCmdEncli    cli.o
    0x08005234   0x08005234   0x00000050   Code   RO         5530    i.prvCliCmdReset    cli.o
    0x08005284   0x08005284   0x00000030   Code   RO         5531    i.prvCliUartPrintf  cli.o
    0x080052b4   0x080052b4   0x00000044   Code   RO         5532    i.prvCliUartRecvCb  cli.o
    0x080052f8   0x080052f8   0x00000074   Code   RO         5533    i.prvCliUartTask    cli.o
    0x0800536c   0x0800536c   0x00000026   Code   RO         3216    i.prvCopyDataFromQueue  queue.o
    0x08005392   0x08005392   0x0000006c   Code   RO         3217    i.prvCopyDataToQueue  queue.o
    0x080053fe   0x080053fe   0x00000034   Code   RO         3612    i.prvDeleteTCB      tasks.o
    0x08005432   0x08005432   0x00000002   PAD
    0x08005434   0x08005434   0x0000004c   Code   RO         4532    i.prvHeapInit       heap_4.o
    0x08005480   0x08005480   0x00000060   Code   RO         3613    i.prvIdleTask       tasks.o
    0x080054e0   0x080054e0   0x00000016   Code   RO         3218    i.prvInitialiseMutex  queue.o
    0x080054f6   0x080054f6   0x00000002   PAD
    0x080054f8   0x080054f8   0x00000022   Code   RO         3219    i.prvInitialiseNewQueue  queue.o
    0x0800551a   0x0800551a   0x0000009c   Code   RO         3614    i.prvInitialiseNewTask  tasks.o
    0x080055b6   0x080055b6   0x00000002   PAD
    0x080055b8   0x080055b8   0x0000004c   Code   RO         4533    i.prvInsertBlockIntoFreeList  heap_4.o
    0x08005604   0x08005604   0x00000038   Code   RO         3962    i.prvInsertTimerInActiveList  timers.o
    0x0800563c   0x0800563c   0x0000001c   Code   RO         3220    i.prvIsQueueEmpty   queue.o
    0x08005658   0x08005658   0x000000cc   Code   RO         3963    i.prvProcessReceivedCommands  timers.o
    0x08005724   0x08005724   0x000000b4   Code   RO         3964    i.prvProcessTimerOrBlockTask  timers.o
    0x080057d8   0x080057d8   0x00000020   Code   RO         3616    i.prvResetNextTaskUnblockTime  tasks.o
    0x080057f8   0x080057f8   0x00000028   Code   RO         3965    i.prvSampleTimeNow  timers.o
    0x08005820   0x08005820   0x0000006c   Code   RO         3966    i.prvSwitchTimerLists  timers.o
    0x0800588c   0x0800588c   0x00000028   Code   RO         4583    i.prvTaskExitError  port.o
    0x080058b4   0x080058b4   0x00000024   Code   RO         3967    i.prvTimerTask      timers.o
    0x080058d8   0x080058d8   0x0000006a   Code   RO         3221    i.prvUnlockQueue    queue.o
    0x08005942   0x08005942   0x00000002   PAD
    0x08005944   0x08005944   0x00000098   Code   RO         5650    i.prv_cli_cmd_en_breath_led  led_breath.o
    0x080059dc   0x080059dc   0x000000d8   Code   RO         4534    i.pvPortMalloc      heap_4.o
    0x08005ab4   0x08005ab4   0x00000024   Code   RO         4584    i.pxPortInitialiseStack  port.o
    0x08005ad8   0x08005ad8   0x00000058   Code   RO         4735    i.store_command_to_history  lib_cli_custom.o
    0x08005b30   0x08005b30   0x00000034   Code   RO         5613    i.sys_init          sys.o
    0x08005b64   0x08005b64   0x00000008   Code   RO         5614    i.sys_task          sys.o
    0x08005b6c   0x08005b6c   0x00000032   Code   RO         5252    i.uart_block_send   lib_uart.o
    0x08005b9e   0x08005b9e   0x00000016   Code   RO         5253    i.uart_config_callback  lib_uart.o
    0x08005bb4   0x08005bb4   0x00000038   Code   RO         5254    i.uart_config_handle  lib_uart.o
    0x08005bec   0x08005bec   0x00000006   Code   RO         5255    i.uart_dma_rx_isr   lib_uart.o
    0x08005bf2   0x08005bf2   0x00000002   Code   RO         5256    i.uart_dma_rx_isr_callback  lib_uart.o
    0x08005bf4   0x08005bf4   0x00000006   Code   RO         5258    i.uart_dma_tx_isr   lib_uart.o
    0x08005bfa   0x08005bfa   0x00000002   Code   RO         5259    i.uart_dma_tx_isr_callback  lib_uart.o
    0x08005bfc   0x08005bfc   0x00000006   Code   RO         5261    i.uart_isr          lib_uart.o
    0x08005c02   0x08005c02   0x00000002   PAD
    0x08005c04   0x08005c04   0x000000e2   Code   RO         5262    i.uart_isr_callback  lib_uart.o
    0x08005ce6   0x08005ce6   0x00000026   Code   RO         3176    i.uxListRemove      list.o
    0x08005d0c   0x08005d0c   0x00000014   Code   RO         4177    i.vApplicationGetIdleTaskMemory  cmsis_os2.o
    0x08005d20   0x08005d20   0x00000018   Code   RO         4178    i.vApplicationGetTimerTaskMemory  cmsis_os2.o
    0x08005d38   0x08005d38   0x00000016   Code   RO         3177    i.vListInitialise   list.o
    0x08005d4e   0x08005d4e   0x00000006   Code   RO         3178    i.vListInitialiseItem  list.o
    0x08005d54   0x08005d54   0x00000030   Code   RO         3179    i.vListInsert       list.o
    0x08005d84   0x08005d84   0x00000018   Code   RO         3180    i.vListInsertEnd    list.o
    0x08005d9c   0x08005d9c   0x00000040   Code   RO         4586    i.vPortEnterCritical  port.o
    0x08005ddc   0x08005ddc   0x00000028   Code   RO         4587    i.vPortExitCritical  port.o
    0x08005e04   0x08005e04   0x0000005c   Code   RO         4535    i.vPortFree         heap_4.o
    0x08005e60   0x08005e60   0x00000024   Code   RO         4588    i.vPortSetupTimerInterrupt  port.o
    0x08005e84   0x08005e84   0x00000054   Code   RO         4589    i.vPortValidateInterruptPriority  port.o
    0x08005ed8   0x08005ed8   0x00000028   Code   RO         3227    i.vQueueAddToRegistry  queue.o
    0x08005f00   0x08005f00   0x00000044   Code   RO         3231    i.vQueueWaitForMessageRestricted  queue.o
    0x08005f44   0x08005f44   0x0000004c   Code   RO         3628    i.vTaskDelay        tasks.o
    0x08005f90   0x08005f90   0x00000010   Code   RO         3633    i.vTaskInternalSetTimeOutState  tasks.o
    0x08005fa0   0x08005fa0   0x0000000c   Code   RO         3634    i.vTaskMissedYield  tasks.o
    0x08005fac   0x08005fac   0x00000030   Code   RO         3636    i.vTaskPlaceOnEventList  tasks.o
    0x08005fdc   0x08005fdc   0x00000038   Code   RO         3637    i.vTaskPlaceOnEventListRestricted  tasks.o
    0x08006014   0x08006014   0x00000088   Code   RO         3645    i.vTaskStartScheduler  tasks.o
    0x0800609c   0x0800609c   0x00000010   Code   RO         3647    i.vTaskSuspendAll   tasks.o
    0x080060ac   0x080060ac   0x00000064   Code   RO         3648    i.vTaskSwitchContext  tasks.o
    0x08006110   0x08006110   0x000000a8   Code   RO         4590    i.xPortStartScheduler  port.o
    0x080061b8   0x080061b8   0x00000016   Code   RO         3234    i.xQueueCreateMutex  queue.o
    0x080061ce   0x080061ce   0x0000001a   Code   RO         3235    i.xQueueCreateMutexStatic  queue.o
    0x080061e8   0x080061e8   0x00000048   Code   RO         3236    i.xQueueGenericCreate  queue.o
    0x08006230   0x08006230   0x00000066   Code   RO         3237    i.xQueueGenericCreateStatic  queue.o
    0x08006296   0x08006296   0x00000002   PAD
    0x08006298   0x08006298   0x00000088   Code   RO         3238    i.xQueueGenericReset  queue.o
    0x08006320   0x08006320   0x00000160   Code   RO         3239    i.xQueueGenericSend  queue.o
    0x08006480   0x08006480   0x000000bc   Code   RO         3240    i.xQueueGenericSendFromISR  queue.o
    0x0800653c   0x0800653c   0x00000138   Code   RO         3249    i.xQueueReceive     queue.o
    0x08006674   0x08006674   0x00000074   Code   RO         3649    i.xTaskCheckForTimeOut  tasks.o
    0x080066e8   0x080066e8   0x0000005a   Code   RO         3650    i.xTaskCreate       tasks.o
    0x08006742   0x08006742   0x00000056   Code   RO         3651    i.xTaskCreateStatic  tasks.o
    0x08006798   0x08006798   0x0000001c   Code   RO         3655    i.xTaskGetSchedulerState  tasks.o
    0x080067b4   0x080067b4   0x0000000c   Code   RO         3656    i.xTaskGetTickCount  tasks.o
    0x080067c0   0x080067c0   0x000000c8   Code   RO         3658    i.xTaskIncrementTick  tasks.o
    0x08006888   0x08006888   0x00000080   Code   RO         3661    i.xTaskPriorityDisinherit  tasks.o
    0x08006908   0x08006908   0x00000070   Code   RO         3663    i.xTaskRemoveFromEventList  tasks.o
    0x08006978   0x08006978   0x000000c4   Code   RO         3664    i.xTaskResumeAll    tasks.o
    0x08006a3c   0x08006a3c   0x00000060   Code   RO         3974    i.xTimerCreateTimerTask  timers.o
    0x08006a9c   0x08006a9c   0x00000068   Code   RO         3975    i.xTimerGenericCommand  timers.o
    0x08006b04   0x08006b04   0x0000002c   Code   RO         6175    locale$$code        c_w.l(lc_ctype_c.o)
    0x08006b30   0x08006b30   0x0000002c   Code   RO         6178    locale$$code        c_w.l(lc_numeric_c.o)
    0x08006b5c   0x08006b5c   0x00000004   Code   RO         6058    x$fpl$printf1       fz_ws.l(printf1.o)
    0x08006b60   0x08006b60   0x00000004   Code   RO         6060    x$fpl$printf2       fz_ws.l(printf2.o)
    0x08006b64   0x08006b64   0x00000000   Code   RO         6198    x$fpl$usenofp       fz_ws.l(usenofp.o)
    0x08006b64   0x08006b64   0x00000024   Data   RO          210    .constdata          freertos.o
    0x08006b88   0x08006b88   0x00000012   Data   RO          888    .constdata          stm32f1xx_hal_rcc.o
    0x08006b9a   0x08006b9a   0x00000010   Data   RO         3015    .constdata          system_stm32f1xx.o
    0x08006baa   0x08006baa   0x00000008   Data   RO         3016    .constdata          system_stm32f1xx.o
    0x08006bb2   0x08006bb2   0x00000002   PAD
    0x08006bb4   0x08006bb4   0x00000018   Data   RO         4737    .constdata          lib_cli_custom.o
    0x08006bcc   0x08006bcc   0x00000006   Data   RO         5535    .constdata          cli.o
    0x08006bd2   0x08006bd2   0x0000000b   Data   RO         5536    .constdata          cli.o
    0x08006bdd   0x08006bdd   0x00000006   Data   RO         5537    .constdata          cli.o
    0x08006be3   0x08006be3   0x0000000d   Data   RO         5538    .constdata          cli.o
    0x08006bf0   0x08006bf0   0x0000000e   Data   RO         5651    .constdata          led_breath.o
    0x08006bfe   0x08006bfe   0x0000000b   Data   RO         5652    .constdata          led_breath.o
    0x08006c09   0x08006c09   0x00000003   PAD
    0x08006c0c   0x08006c0c   0x00000008   Data   RO         5929    .constdata          c_w.l(_printf_wctomb.o)
    0x08006c14   0x08006c14   0x00000028   Data   RO         5958    .constdata          c_w.l(_printf_hex_int_ll_ptr.o)
    0x08006c3c   0x08006c3c   0x00000011   Data   RO         5978    .constdata          c_w.l(__printf_flags_ss_wp.o)
    0x08006c4d   0x08006c4d   0x00000026   Data   RO         6103    .constdata          c_w.l(_printf_fp_hex.o)
    0x08006c73   0x08006c73   0x00000001   PAD
    0x08006c74   0x08006c74   0x00000094   Data   RO         6150    .constdata          c_w.l(bigflt0.o)
    0x08006d08   0x08006d08   0x0000000c   Data   RO          211    .conststring        freertos.o
    0x08006d14   0x08006d14   0x0000004d   Data   RO         4738    .conststring        lib_cli_custom.o
    0x08006d61   0x08006d61   0x00000003   PAD
    0x08006d64   0x08006d64   0x00000006   Data   RO         5539    .conststring        cli.o
    0x08006d6a   0x08006d6a   0x00000002   PAD
    0x08006d6c   0x08006d6c   0x00000018   Data   RO         5541    CliCmdTab           cli.o
    0x08006d84   0x08006d84   0x0000000c   Data   RO         5654    CliCmdTab           led_breath.o
    0x08006d90   0x08006d90   0x00000020   Data   RO         6261    Region$$Table       anon$$obj.o
    0x08006db0   0x08006db0   0x00000110   Data   RO         6174    locale$$data        c_w.l(lc_ctype_c.o)
    0x08006ec0   0x08006ec0   0x0000001c   Data   RO         6177    locale$$data        c_w.l(lc_numeric_c.o)


    Execution Region RW_IRAM1 (Exec base: 0x20000000, Load base: 0x08006edc, Size: 0x00003248, Max: 0x00010000, ABSOLUTE)

    Exec Addr    Load Addr    Size         Type   Attr      Idx    E Section Name        Object

    0x20000000   0x08006edc   0x00000004   Data   RW          212    .data               freertos.o
    0x20000004   0x08006ee0   0x0000000c   Data   RW          725    .data               stm32f1xx_hal.o
    0x20000010   0x08006eec   0x00000004   Data   RW         3017    .data               system_stm32f1xx.o
    0x20000014   0x08006ef0   0x0000003c   Data   RW         3667    .data               tasks.o
    0x20000050   0x08006f2c   0x00000014   Data   RW         3983    .data               timers.o
    0x20000064   0x08006f40   0x00000004   Data   RW         4180    .data               cmsis_os2.o
    0x20000068   0x08006f44   0x00000018   Data   RW         4540    .data               heap_4.o
    0x20000080   0x08006f5c   0x0000000c   Data   RW         4591    .data               port.o
    0x2000008c   0x08006f68   0x0000001c   Data   RW         4739    .data               lib_cli_custom.o
    0x200000a8   0x08006f84   0x00000008   Data   RW         4829    .data               lib_debug.o
    0x200000b0   0x08006f8c   0x00000008   Data   RW         4909    .data               lib_debug_uart.o
    0x200000b8   0x08006f94   0x00000008   Data   RW         5540    .data               cli.o
    0x200000c0   0x08006f9c   0x00000006   Data   RW         5653    .data               led_breath.o
    0x200000c6   0x08006fa2   0x00000002   PAD
    0x200000c8   0x08006fa4   0x00000004   Data   RW         5851    .data               c_w.l(strtok.o)
    0x200000cc        -       0x00000090   Zero   RW          394    .bss                tim.o
    0x2000015c        -       0x000001a0   Zero   RW          457    .bss                usart.o
    0x200002fc        -       0x00000048   Zero   RW          628    .bss                stm32f1xx_hal_timebase_tim.o
    0x20000344        -       0x00000040   Zero   RW         3253    .bss                queue.o
    0x20000384        -       0x000004c4   Zero   RW         3666    .bss                tasks.o
    0x20000848        -       0x00000118   Zero   RW         3982    .bss                timers.o
    0x20000960        -       0x000006b8   Zero   RW         4179    .bss                cmsis_os2.o
    0x20001018        -       0x00000c00   Zero   RW         4539    .bss                heap_4.o
    0x20001c18        -       0x00000b80   Zero   RW         4736    .bss                lib_cli_custom.o
    0x20002798        -       0x000001f0   Zero   RW         5534    .bss                cli.o
    0x20002988        -       0x0000025c   Zero   RW         5615    .bss                sys.o
    0x20002be4        -       0x00000060   Zero   RW         6069    .bss                c_w.l(libspace.o)
    0x20002c44   0x08006fa8   0x00000004   PAD
    0x20002c48        -       0x00000200   Zero   RW            2    HEAP                startup_stm32f103xe.o
    0x20002e48        -       0x00000400   Zero   RW            1    STACK               startup_stm32f103xe.o


==============================================================================

Image component sizes


      Code (inc. data)   RO Data    RW Data    ZI Data      Debug   Object Name

        36          6          0          0          0      12367   app.o
       556        216         66          8        496      31304   cli.o
       508         36          0          4       1720      15227   cmsis_os2.o
        92          4          0          0          0        750   dma.o
         0          0          0          0          0      17660   event_groups.o
        44         14         48          4          0      13297   freertos.o
        96          8          0          0          0        839   gpio.o
       460         24          0         24       3072       4579   heap_4.o
       152         90         37          6          0       2274   led_breath.o
         4          0          0          0          0       2051   lib_cli.o
      1652        416        101         28       2944      11560   lib_cli_custom.o
        36         10          0          8          0       1769   lib_debug.o
        16          6          0          8          0       1240   lib_debug_uart.o
       376          0          0          0          0       8471   lib_uart.o
       138          0          0          0          0       3302   list.o
       164          6          0          0          0     496708   main.o
       662         70          0         12          0      10617   port.o
      1654         20          0          0         64      17020   queue.o
        64         26        304          0       1536        796   startup_stm32f103xe.o
        64         14          0         12          0       5150   stm32f1xx_hal.o
       158         14          0          0          0      28110   stm32f1xx_hal_cortex.o
      1236         52          0          0          0       5006   stm32f1xx_hal_dma.o
       514         42          0          0          0       2860   stm32f1xx_hal_gpio.o
        72         10          0          0          0        838   stm32f1xx_hal_msp.o
      1304         94         18          0          0       5625   stm32f1xx_hal_rcc.o
      2258         96          0          0          0      17671   stm32f1xx_hal_tim.o
       128         20          0          0          0       2337   stm32f1xx_hal_tim_ex.o
       152         20          0          0         72       1427   stm32f1xx_hal_timebase_tim.o
      2036         24          0          0          0      15513   stm32f1xx_hal_uart.o
       144         54          0          0          0       5593   stm32f1xx_it.o
         0          0          0          0          0       8904   stream_buffer.o
        60         22          0          0        604       1888   sys.o
         2          0         24          4          0       1071   system_stm32f1xx.o
      2064        170          0         60       1220      22832   tasks.o
       588         56          0          0        144       3654   tim.o
       912         82          0         20        280      25763   timers.o
       500         44          0          0        416       2639   usart.o

    ----------------------------------------------------------------------
     18934       1766        640        200      12568     808712   Object Totals
         0          0         32          0          0          0   (incl. Generated)
        32          0         10          2          0          0   (incl. Padding)

    ----------------------------------------------------------------------

      Code (inc. data)   RO Data    RW Data    ZI Data      Debug   Library Member Name

         8          0          0          0          0         68   __main.o
       392          4         17          0          0         92   __printf_flags_ss_wp.o
        14          0          0          0          0         68   __printf_wp.o
         0          0          0          0          0          0   __rtentry.o
        12          0          0          0          0          0   __rtentry2.o
         6          0          0          0          0          0   __rtentry4.o
        52          8          0          0          0          0   __scatter.o
        26          0          0          0          0          0   __scatter_copy.o
        28          0          0          0          0          0   __scatter_zi.o
        28          0          0          0          0         68   _chval.o
         6          0          0          0          0          0   _printf_a.o
         6          0          0          0          0          0   _printf_c.o
        44          0          0          0          0        108   _printf_char.o
        48          6          0          0          0         96   _printf_char_common.o
        40          0          0          0          0         68   _printf_charcount.o
         6          0          0          0          0          0   _printf_d.o
       120         16          0          0          0         92   _printf_dec.o
         6          0          0          0          0          0   _printf_e.o
         6          0          0          0          0          0   _printf_f.o
      1054          0          0          0          0        216   _printf_fp_dec.o
       764          8         38          0          0        100   _printf_fp_hex.o
       128         16          0          0          0         84   _printf_fp_infnan.o
         6          0          0          0          0          0   _printf_g.o
       148          4         40          0          0        160   _printf_hex_int_ll_ptr.o
         6          0          0          0          0          0   _printf_i.o
       178          0          0          0          0         88   _printf_intcommon.o
        10          0          0          0          0          0   _printf_l.o
         6          0          0          0          0          0   _printf_lc.o
        10          0          0          0          0          0   _printf_ll.o
         6          0          0          0          0          0   _printf_lld.o
         6          0          0          0          0          0   _printf_lli.o
         6          0          0          0          0          0   _printf_llo.o
         6          0          0          0          0          0   _printf_llu.o
         6          0          0          0          0          0   _printf_llx.o
       124         16          0          0          0         92   _printf_longlong_dec.o
         6          0          0          0          0          0   _printf_ls.o
         6          0          0          0          0          0   _printf_n.o
         6          0          0          0          0          0   _printf_o.o
       112         10          0          0          0        124   _printf_oct_int_ll.o
         6          0          0          0          0          0   _printf_p.o
        78          0          0          0          0        108   _printf_pad.o
         0          0          0          0          0          0   _printf_percent.o
         4          0          0          0          0          0   _printf_percent_end.o
         6          0          0          0          0          0   _printf_s.o
        82          0          0          0          0         80   _printf_str.o
        36          0          0          0          0         84   _printf_truncate.o
         6          0          0          0          0          0   _printf_u.o
        44          0          0          0          0        108   _printf_wchar.o
       188          6          8          0          0         92   _printf_wctomb.o
         6          0          0          0          0          0   _printf_x.o
        10          0          0          0          0         68   _sputc.o
       158          0          0          0          0         92   _strtoul.o
        64          0          0          0          0         92   _wcrtomb.o
        16          0          0          0          0         68   aeabi_memset.o
        26          0          0          0          0         80   atoi.o
       228          4        148          0          0         96   bigflt0.o
      1936        128          0          0          0        672   btod.o
        18          0          0          0          0         80   exit.o
         6          0          0          0          0        152   heapauxi.o
         0          0          0          0          0          0   indicate_semi.o
        44         10        272          0          0         76   lc_ctype_c.o
        44         10         28          0          0         76   lc_numeric_c.o
         2          0          0          0          0          0   libinit.o
        30          0          0          0          0          0   libinit2.o
         2          0          0          0          0          0   libshutdown.o
         2          0          0          0          0          0   libshutdown2.o
         8          4          0          0         96         68   libspace.o
       138          0          0          0          0         80   lludiv10.o
        16          4          0          0          0         76   rt_ctype_table.o
         8          4          0          0          0         68   rt_errno_addr_intlibspace.o
         8          4          0          0          0         68   rt_locale_intlibspace.o
        68          0          0          0          0         68   rt_memclr.o
        78          0          0          0          0         80   rt_memclr_w.o
       138          0          0          0          0         68   rt_memcpy_v6.o
       100          0          0          0          0         80   rt_memcpy_w.o
       132          0          0          0          0         68   rt_memmove_v6.o
       122          0          0          0          0         80   rt_memmove_w.o
         2          0          0          0          0          0   rtexit.o
        10          0          0          0          0          0   rtexit2.o
       128          0          0          0          0         68   strcmpv7m.o
        72          0          0          0          0         80   strcpy.o
        32          0          0          0          0         80   strcspn.o
        62          0          0          0          0         76   strlen.o
       150          0          0          0          0         80   strncmp.o
        86          0          0          0          0         76   strncpy.o
        28          0          0          0          0         80   strspn.o
        12          6          0          4          0         68   strtok.o
        68          4          0          0          0         84   strtok_int.o
       112          0          0          0          0         88   strtol.o
        12          4          0          0          0         68   sys_exit.o
        74          0          0          0          0         80   sys_stackheap_outer.o
         2          0          0          0          0         68   use_no_semi.o
        36          4          0          0          0         76   vsprintf.o
         4          0          0          0          0         68   printf1.o
         4          0          0          0          0         68   printf2.o
         0          0          0          0          0          0   usenofp.o
        40          0          0          0          0         68   fpclassify.o

    ----------------------------------------------------------------------
      8254        280        552          4        100       5628   Library Totals
        20          0          1          0          4          0   (incl. Padding)

    ----------------------------------------------------------------------

      Code (inc. data)   RO Data    RW Data    ZI Data      Debug   Library Name

      8186        280        551          4         96       5424   c_w.l
         8          0          0          0          0        136   fz_ws.l
        40          0          0          0          0         68   m_ws.l

    ----------------------------------------------------------------------
      8254        280        552          4        100       5628   Library Totals

    ----------------------------------------------------------------------

==============================================================================


      Code (inc. data)   RO Data    RW Data    ZI Data      Debug   

     27188       2046       1192        204      12668     800556   Grand Totals
     27188       2046       1192        204      12668     800556   ELF Image Totals
     27188       2046       1192        204          0          0   ROM Totals

==============================================================================

    Total RO  Size (Code + RO Data)                28380 (  27.71kB)
    Total RW  Size (RW Data + ZI Data)             12872 (  12.57kB)
    Total ROM Size (Code + RO Data + RW Data)      28584 (  27.91kB)

==============================================================================

